Component: ARM Compiler 5.06 update 6 (build 750) Tool: armlink [4d35ed]

==============================================================================

Section Cross References

    startup_stm32f40_41xxx.o(RESET) refers to startup_stm32f40_41xxx.o(STACK) for __initial_sp
    startup_stm32f40_41xxx.o(RESET) refers to startup_stm32f40_41xxx.o(.text) for Reset_Handler
    startup_stm32f40_41xxx.o(RESET) refers to stm32f4xx_it.o(i.NMI_Handler) for NMI_Handler
    startup_stm32f40_41xxx.o(RESET) refers to stm32f4xx_it.o(i.HardFault_Handler) for HardFault_Handler
    startup_stm32f40_41xxx.o(RESET) refers to stm32f4xx_it.o(i.MemManage_Handler) for MemManage_Handler
    startup_stm32f40_41xxx.o(RESET) refers to stm32f4xx_it.o(i.BusFault_Handler) for BusFault_Handler
    startup_stm32f40_41xxx.o(RESET) refers to stm32f4xx_it.o(i.UsageFault_Handler) for UsageFault_Handler
    startup_stm32f40_41xxx.o(RESET) refers to port.o(.emb_text) for SVC_Handler
    startup_stm32f40_41xxx.o(RESET) refers to stm32f4xx_it.o(i.DebugMon_Handler) for DebugMon_Handler
    startup_stm32f40_41xxx.o(RESET) refers to port.o(i.SysTick_Handler) for SysTick_Handler
    startup_stm32f40_41xxx.o(RESET) refers to rtc.o(i.RTC_WKUP_IRQHandler) for RTC_WKUP_IRQHandler
    startup_stm32f40_41xxx.o(RESET) refers to usart2.o(i.USART1_IRQHandler) for USART1_IRQHandler
    startup_stm32f40_41xxx.o(RESET) refers to usart.o(i.USART2_IRQHandler) for USART2_IRQHandler
    startup_stm32f40_41xxx.o(RESET) refers to usart2.o(i.USART3_IRQHandler) for USART3_IRQHandler
    startup_stm32f40_41xxx.o(.text) refers to system_stm32f4xx.o(i.SystemInit) for SystemInit
    startup_stm32f40_41xxx.o(.text) refers to entry.o(.ARM.Collect$$$$00000000) for __main
    stm32f4xx_rcc.o(i.RCC_GetClocksFreq) refers to stm32f4xx_rcc.o(.data) for APBAHBPrescTable
    stm32f4xx_rcc.o(i.RCC_WaitForHSEStartUp) refers to stm32f4xx_rcc.o(i.RCC_GetFlagStatus) for RCC_GetFlagStatus
    stm32f4xx_gpio.o(i.GPIO_DeInit) refers to stm32f4xx_rcc.o(i.RCC_AHB1PeriphResetCmd) for RCC_AHB1PeriphResetCmd
    stm32f4xx_tim.o(i.TIM_DeInit) refers to stm32f4xx_rcc.o(i.RCC_APB2PeriphResetCmd) for RCC_APB2PeriphResetCmd
    stm32f4xx_tim.o(i.TIM_DeInit) refers to stm32f4xx_rcc.o(i.RCC_APB1PeriphResetCmd) for RCC_APB1PeriphResetCmd
    stm32f4xx_tim.o(i.TIM_ETRClockMode1Config) refers to stm32f4xx_tim.o(i.TIM_ETRConfig) for TIM_ETRConfig
    stm32f4xx_tim.o(i.TIM_ETRClockMode2Config) refers to stm32f4xx_tim.o(i.TIM_ETRConfig) for TIM_ETRConfig
    stm32f4xx_tim.o(i.TIM_ICInit) refers to stm32f4xx_tim.o(i.TI1_Config) for TI1_Config
    stm32f4xx_tim.o(i.TIM_ICInit) refers to stm32f4xx_tim.o(i.TIM_SetIC1Prescaler) for TIM_SetIC1Prescaler
    stm32f4xx_tim.o(i.TIM_ICInit) refers to stm32f4xx_tim.o(i.TI2_Config) for TI2_Config
    stm32f4xx_tim.o(i.TIM_ICInit) refers to stm32f4xx_tim.o(i.TIM_SetIC2Prescaler) for TIM_SetIC2Prescaler
    stm32f4xx_tim.o(i.TIM_ICInit) refers to stm32f4xx_tim.o(i.TI3_Config) for TI3_Config
    stm32f4xx_tim.o(i.TIM_ICInit) refers to stm32f4xx_tim.o(i.TIM_SetIC3Prescaler) for TIM_SetIC3Prescaler
    stm32f4xx_tim.o(i.TIM_ICInit) refers to stm32f4xx_tim.o(i.TI4_Config) for TI4_Config
    stm32f4xx_tim.o(i.TIM_ICInit) refers to stm32f4xx_tim.o(i.TIM_SetIC4Prescaler) for TIM_SetIC4Prescaler
    stm32f4xx_tim.o(i.TIM_ITRxExternalClockConfig) refers to stm32f4xx_tim.o(i.TIM_SelectInputTrigger) for TIM_SelectInputTrigger
    stm32f4xx_tim.o(i.TIM_PWMIConfig) refers to stm32f4xx_tim.o(i.TI1_Config) for TI1_Config
    stm32f4xx_tim.o(i.TIM_PWMIConfig) refers to stm32f4xx_tim.o(i.TIM_SetIC1Prescaler) for TIM_SetIC1Prescaler
    stm32f4xx_tim.o(i.TIM_PWMIConfig) refers to stm32f4xx_tim.o(i.TI2_Config) for TI2_Config
    stm32f4xx_tim.o(i.TIM_PWMIConfig) refers to stm32f4xx_tim.o(i.TIM_SetIC2Prescaler) for TIM_SetIC2Prescaler
    stm32f4xx_tim.o(i.TIM_TIxExternalClockConfig) refers to stm32f4xx_tim.o(i.TI2_Config) for TI2_Config
    stm32f4xx_tim.o(i.TIM_TIxExternalClockConfig) refers to stm32f4xx_tim.o(i.TI1_Config) for TI1_Config
    stm32f4xx_tim.o(i.TIM_TIxExternalClockConfig) refers to stm32f4xx_tim.o(i.TIM_SelectInputTrigger) for TIM_SelectInputTrigger
    stm32f4xx_wwdg.o(i.WWDG_DeInit) refers to stm32f4xx_rcc.o(i.RCC_APB1PeriphResetCmd) for RCC_APB1PeriphResetCmd
    stm32f4xx_usart.o(i.USART_DeInit) refers to stm32f4xx_rcc.o(i.RCC_APB2PeriphResetCmd) for RCC_APB2PeriphResetCmd
    stm32f4xx_usart.o(i.USART_DeInit) refers to stm32f4xx_rcc.o(i.RCC_APB1PeriphResetCmd) for RCC_APB1PeriphResetCmd
    stm32f4xx_usart.o(i.USART_Init) refers to stm32f4xx_rcc.o(i.RCC_GetClocksFreq) for RCC_GetClocksFreq
    stm32f4xx_spi.o(i.SPI_I2S_DeInit) refers to stm32f4xx_rcc.o(i.RCC_APB2PeriphResetCmd) for RCC_APB2PeriphResetCmd
    stm32f4xx_spi.o(i.SPI_I2S_DeInit) refers to stm32f4xx_rcc.o(i.RCC_APB1PeriphResetCmd) for RCC_APB1PeriphResetCmd
    stm32f4xx_rtc.o(i.RTC_CoarseCalibCmd) refers to stm32f4xx_rtc.o(i.RTC_EnterInitMode) for RTC_EnterInitMode
[...]
    _printf_longlong_hex                     0x00000000   Number         0  stubs.o ABSOLUTE
    _printf_longlong_oct                     0x00000000   Number         0  stubs.o ABSOLUTE
    _printf_ls                               0x00000000   Number         0  stubs.o ABSOLUTE
    _printf_mbtowc                           0x00000000   Number         0  stubs.o ABSOLUTE
    _printf_n                                0x00000000   Number         0  stubs.o ABSOLUTE
    _printf_o                                0x00000000   Number         0  stubs.o ABSOLUTE
    _printf_p                                0x00000000   Number         0  stubs.o ABSOLUTE
    _printf_percent                          0x00000000   Number         0  stubs.o ABSOLUTE
    _printf_pre_padding                      0x00000000   Number         0  stubs.o ABSOLUTE
    _printf_return_value                     0x00000000   Number         0  stubs.o ABSOLUTE
    _printf_s                                0x00000000   Number         0  stubs.o ABSOLUTE
    _printf_sizespec                         0x00000000   Number         0  stubs.o ABSOLUTE
    _printf_str                              0x00000000   Number         0  stubs.o ABSOLUTE
    _printf_truncate_signed                  0x00000000   Number         0  stubs.o ABSOLUTE
    _printf_truncate_unsigned                0x00000000   Number         0  stubs.o ABSOLUTE
    _printf_u                                0x00000000   Number         0  stubs.o ABSOLUTE
    _printf_wc                               0x00000000   Number         0  stubs.o ABSOLUTE
    _printf_wctomb                           0x00000000   Number         0  stubs.o ABSOLUTE
    _printf_widthprec                        0x00000000   Number         0  stubs.o ABSOLUTE
    _printf_x                                0x00000000   Number         0  stubs.o ABSOLUTE
    __cpp_initialize__aeabi_                  - Undefined Weak Reference
    __cxa_finalize                            - Undefined Weak Reference
    _clock_init                               - Undefined Weak Reference
    _microlib_exit                            - Undefined Weak Reference
    __Vectors_Size                           0x00000188   Number         0  startup_stm32f40_41xxx.o ABSOLUTE
    __Vectors                                0x08000000   Data           4  startup_stm32f40_41xxx.o(RESET)
    __Vectors_End                            0x08000188   Data           0  startup_stm32f40_41xxx.o(RESET)
    __main                                   0x08000189   Thumb Code     0  entry.o(.ARM.Collect$$$$00000000)
    _main_stk                                0x08000189   Thumb Code     0  entry2.o(.ARM.Collect$$$$00000001)
    _main_scatterload                        0x0800018d   Thumb Code     0  entry5.o(.ARM.Collect$$$$00000004)
    __main_after_scatterload                 0x08000191   Thumb Code     0  entry5.o(.ARM.Collect$$$$00000004)
    _main_clock                              0x08000191   Thumb Code     0  entry7b.o(.ARM.Collect$$$$00000008)
    _main_cpp_init                           0x08000191   Thumb Code     0  entry8b.o(.ARM.Collect$$$$0000000A)
    _main_init                               0x08000191   Thumb Code     0  entry9a.o(.ARM.Collect$$$$0000000B)
    __rt_final_cpp                           0x08000199   Thumb Code     0  entry10a.o(.ARM.Collect$$$$0000000D)
    __rt_final_exit                          0x08000199   Thumb Code     0  entry11a.o(.ARM.Collect$$$$0000000F)
    SVC_Handler                              0x0800019d   Thumb Code    28  port.o(.emb_text)
    __asm___6_port_c_39a90d8d__prvStartFirstTask 0x080001bd   Thumb Code    28  port.o(.emb_text)
    __asm___6_port_c_39a90d8d__prvEnableVFP  0x080001dd   Thumb Code    16  port.o(.emb_text)
    PendSV_Handler                           0x080001f1   Thumb Code    88  port.o(.emb_text)
    vPortGetIPSR                             0x0800024d   Thumb Code     6  port.o(.emb_text)
    Reset_Handler                            0x08000255   Thumb Code     8  startup_stm32f40_41xxx.o(.text)
    ADC_IRQHandler                           0x0800026f   Thumb Code     0  startup_stm32f40_41xxx.o(.text)
    CAN1_RX0_IRQHandler                      0x0800026f   Thumb Code     0  startup_stm32f40_41xxx.o(.text)
    CAN1_RX1_IRQHandler                      0x0800026f   Thumb Code     0  startup_stm32f40_41xxx.o(.text)
    CAN1_SCE_IRQHandler                      0x0800026f   Thumb Code     0  startup_stm32f40_41xxx.o(.text)
    CAN1_TX_IRQHandler                       0x0800026f   Thumb Code     0  startup_stm32f40_41xxx.o(.text)
    CAN2_RX0_IRQHandler                      0x0800026f   Thumb Code     0  startup_stm32f40_41xxx.o(.text)
    CAN2_RX1_IRQHandler                      0x0800026f   Thumb Code     0  startup_stm32f40_41xxx.o(.text)
    CAN2_SCE_IRQHandler                      0x0800026f   Thumb Code     0  startup_stm32f40_41xxx.o(.text)
    CAN2_TX_IRQHandler                       0x0800026f   Thumb Code     0  startup_stm32f40_41xxx.o(.text)
    CRYP_IRQHandler                          0x0800026f   Thumb Code     0  startup_stm32f40_41xxx.o(.text)
    DCMI_IRQHandler                          0x0800026f   Thumb Code     0  startup_stm32f40_41xxx.o(.text)
    DMA1_Stream0_IRQHandler                  0x0800026f   Thumb Code     0  startup_stm32f40_41xxx.o(.text)
    DMA1_Stream1_IRQHandler                  0x0800026f   Thumb Code     0  startup_stm32f40_41xxx.o(.text)
    DMA1_Stream2_IRQHandler                  0x0800026f   Thumb Code     0  startup_stm32f40_41xxx.o(.text)
    DMA1_Stream3_IRQHandler                  0x0800026f   Thumb Code     0  startup_stm32f40_41xxx.o(.text)
    DMA1_Stream4_IRQHandler                  0x0800026f   Thumb Code     0  startup_stm32f40_41xxx.o(.text)
    DMA1_Stream5_IRQHandler                  0x0800026f   Thumb Code     0  startup_stm32f40_41xxx.o(.text)
    DMA1_Stream6_IRQHandler                  0x0800026f   Thumb Code     0  startup_stm32f40_41xxx.o(.text)
    DMA1_Stream7_IRQHandler                  0x0800026f   Thumb Code     0  startup_stm32f40_41xxx.o(.text)
    DMA2_Stream0_IRQHandler                  0x0800026f   Thumb Code     0  startup_stm32f40_41xxx.o(.text)
    DMA2_Stream1_IRQHandler                  0x0800026f   Thumb Code     0  startup_stm32f40_41xxx.o(.text)
    DMA2_Stream2_IRQHandler                  0x0800026f   Thumb Code     0  startup_stm32f40_41xxx.o(.text)
    DMA2_Stream3_IRQHandler                  0x0800026f   Thumb Code     0  startup_stm32f40_41xxx.o(.text)
    DMA2_Stream4_IRQHandler                  0x0800026f   Thumb Code     0  startup_stm32f40_41xxx.o(.text)
    DMA2_Stream5_IRQHandler                  0x0800026f   Thumb Code     0  startup_stm32f40_41xxx.o(.text)
    DMA2_Stream6_IRQHandler                  0x0800026f   Thumb Code     0  startup_stm32f40_41xxx.o(.text)
    DMA2_Stream7_IRQHandler                  0x0800026f   Thumb Code     0  startup_stm32f40_41xxx.o(.text)
    ETH_IRQHandler                           0x0800026f   Thumb Code     0  startup_stm32f40_41xxx.o(.text)
    ETH_WKUP_IRQHandler                      0x0800026f   Thumb Code     0  startup_stm32f40_41xxx.o(.text)
    EXTI0_IRQHandler                         0x0800026f   Thumb Code     0  startup_stm32f40_41xxx.o(.text)
    EXTI15_10_IRQHandler                     0x0800026f   Thumb Code     0  startup_stm32f40_41xxx.o(.text)
    EXTI1_IRQHandler                         0x0800026f   Thumb Code     0  startup_stm32f40_41xxx.o(.text)
    EXTI2_IRQHandler                         0x0800026f   Thumb Code     0  startup_stm32f40_41xxx.o(.text)
    EXTI3_IRQHandler                         0x0800026f   Thumb Code     0  startup_stm32f40_41xxx.o(.text)
    EXTI4_IRQHandler                         0x0800026f   Thumb Code     0  startup_stm32f40_41xxx.o(.text)
    EXTI9_5_IRQHandler                       0x0800026f   Thumb Code     0  startup_stm32f40_41xxx.o(.text)
    FLASH_IRQHandler                         0x0800026f   Thumb Code     0  startup_stm32f40_41xxx.o(.text)
    FPU_IRQHandler                           0x0800026f   Thumb Code     0  startup_stm32f40_41xxx.o(.text)
    FSMC_IRQHandler                          0x0800026f   Thumb Code     0  startup_stm32f40_41xxx.o(.text)
    HASH_RNG_IRQHandler                      0x0800026f   Thumb Code     0  startup_stm32f40_41xxx.o(.text)
    I2C1_ER_IRQHandler                       0x0800026f   Thumb Code     0  startup_stm32f40_41xxx.o(.text)
    I2C1_EV_IRQHandler                       0x0800026f   Thumb Code     0  startup_stm32f40_41xxx.o(.text)
    I2C2_ER_IRQHandler                       0x0800026f   Thumb Code     0  startup_stm32f40_41xxx.o(.text)
    I2C2_EV_IRQHandler                       0x0800026f   Thumb Code     0  startup_stm32f40_41xxx.o(.text)
    I2C3_ER_IRQHandler                       0x0800026f   Thumb Code     0  startup_stm32f40_41xxx.o(.text)
    I2C3_EV_IRQHandler                       0x0800026f   Thumb Code     0  startup_stm32f40_41xxx.o(.text)
    OTG_FS_IRQHandler                        0x0800026f   Thumb Code     0  startup_stm32f40_41xxx.o(.text)
    OTG_FS_WKUP_IRQHandler                   0x0800026f   Thumb Code     0  startup_stm32f40_41xxx.o(.text)
    OTG_HS_EP1_IN_IRQHandler                 0x0800026f   Thumb Code     0  startup_stm32f40_41xxx.o(.text)
    OTG_HS_EP1_OUT_IRQHandler                0x0800026f   Thumb Code     0  startup_stm32f40_41xxx.o(.text)
    OTG_HS_IRQHandler                        0x0800026f   Thumb Code     0  startup_stm32f40_41xxx.o(.text)
    OTG_HS_WKUP_IRQHandler                   0x0800026f   Thumb Code     0  startup_stm32f40_41xxx.o(.text)
    PVD_IRQHandler                           0x0800026f   Thumb Code     0  startup_stm32f40_41xxx.o(.text)
    RCC_IRQHandler                           0x0800026f   Thumb Code     0  startup_stm32f40_41xxx.o(.text)
    RTC_Alarm_IRQHandler                     0x0800026f   Thumb Code     0  startup_stm32f40_41xxx.o(.text)
    SDIO_IRQHandler                          0x0800026f   Thumb Code     0  startup_stm32f40_41xxx.o(.text)
    SPI1_IRQHandler                          0x0800026f   Thumb Code     0  startup_stm32f40_41xxx.o(.text)
    SPI2_IRQHandler                          0x0800026f   Thumb Code     0  startup_stm32f40_41xxx.o(.text)
    SPI3_IRQHandler                          0x0800026f   Thumb Code     0  startup_stm32f40_41xxx.o(.text)
    TAMP_STAMP_IRQHandler                    0x0800026f   Thumb Code     0  startup_stm32f40_41xxx.o(.text)
    TIM1_BRK_TIM9_IRQHandler                 0x0800026f   Thumb Code     0  startup_stm32f40_41xxx.o(.text)
    TIM1_CC_IRQHandler                       0x0800026f   Thumb Code     0  startup_stm32f40_41xxx.o(.text)
    TIM1_TRG_COM_TIM11_IRQHandler            0x0800026f   Thumb Code     0  startup_stm32f40_41xxx.o(.text)
    TIM1_UP_TIM10_IRQHandler                 0x0800026f   Thumb Code     0  startup_stm32f40_41xxx.o(.text)
    TIM2_IRQHandler                          0x0800026f   Thumb Code     0  startup_stm32f40_41xxx.o(.text)
    TIM3_IRQHandler                          0x0800026f   Thumb Code     0  startup_stm32f40_41xxx.o(.text)
    TIM4_IRQHandler                          0x0800026f   Thumb Code     0  startup_stm32f40_41xxx.o(.text)
    TIM5_IRQHandler                          0x0800026f   Thumb Code     0  startup_stm32f40_41xxx.o(.text)
    TIM6_DAC_IRQHandler                      0x0800026f   Thumb Code     0  startup_stm32f40_41xxx.o(.text)
    TIM7_IRQHandler                          0x0800026f   Thumb Code     0  startup_stm32f40_41xxx.o(.text)
    TIM8_BRK_TIM12_IRQHandler                0x0800026f   Thumb Code     0  startup_stm32f40_41xxx.o(.text)
    TIM8_CC_IRQHandler                       0x0800026f   Thumb Code     0  startup_stm32f40_41xxx.o(.text)
    TIM8_TRG_COM_TIM14_IRQHandler            0x0800026f   Thumb Code     0  startup_stm32f40_41xxx.o(.text)
    TIM8_UP_TIM13_IRQHandler                 0x0800026f   Thumb Code     0  startup_stm32f40_41xxx.o(.text)
    UART4_IRQHandler                         0x0800026f   Thumb Code     0  startup_stm32f40_41xxx.o(.text)
    UART5_IRQHandler                         0x0800026f   Thumb Code     0  startup_stm32f40_41xxx.o(.text)
    USART6_IRQHandler                        0x0800026f   Thumb Code     0  startup_stm32f40_41xxx.o(.text)
    WWDG_IRQHandler                          0x0800026f   Thumb Code     0  startup_stm32f40_41xxx.o(.text)
    tolower                                  0x08000279   Thumb Code    12  tolower.o(.text)
    localeconv                               0x08000285   Thumb Code     4  localeconv.o(.text)
    ___aeabi_memcpy4$ret                     0x0800028d   Thumb Code     0  memcpy.o(.text)
    ___aeabi_memcpy8$ret                     0x0800028d   Thumb Code     0  memcpy.o(.text)
    __aeabi_memcpy                           0x0800028d   Thumb Code    40  memcpy.o(.text)
    memcpy                                   0x0800028d   Thumb Code     0  memcpy.o(.text)
    __aeabi_memset                           0x080002b5   Thumb Code    14  memseta.o(.text)
    __aeabi_memset4                          0x080002b5   Thumb Code     0  memseta.o(.text)
    __aeabi_memset8                          0x080002b5   Thumb Code     0  memseta.o(.text)
    __aeabi_memclr                           0x080002c3   Thumb Code     4  memseta.o(.text)
    __aeabi_memclr4                          0x080002c3   Thumb Code     0  memseta.o(.text)
    __aeabi_memclr8                          0x080002c3   Thumb Code     0  memseta.o(.text)
    memset                                   0x080002c7   Thumb Code    18  memseta.o(.text)
    strstr                                   0x080002d9   Thumb Code    36  strstr.o(.text)
    strlen                                   0x080002fd   Thumb Code    14  strlen.o(.text)
    strcmp                                   0x0800030b   Thumb Code    28  strcmp.o(.text)
    strcpy                                   0x08000327   Thumb Code    18  strcpy.o(.text)
    strncmp                                  0x08000339   Thumb Code    30  strncmp.o(.text)
    sscanf                                   0x08000359   Thumb Code    48  sscanf.o(.text)
    atoi                                     0x08000391   Thumb Code    26  atoi.o(.text)
    __aeabi_dadd                             0x080003ab   Thumb Code   322  dadd.o(.text)
    __aeabi_dsub                             0x080004ed   Thumb Code     6  dadd.o(.text)
    __aeabi_drsub                            0x080004f3   Thumb Code     6  dadd.o(.text)
    __aeabi_dmul                             0x080004f9   Thumb Code   228  dmul.o(.text)
    __aeabi_ddiv                             0x080005dd   Thumb Code   222  ddiv.o(.text)
    __aeabi_i2d                              0x080006bb   Thumb Code    34  dflti.o(.text)
    __aeabi_ui2d                             0x080006dd   Thumb Code    26  dfltui.o(.text)
    __aeabi_d2iz                             0x080006f7   Thumb Code    62  dfixi.o(.text)
    __aeabi_f2d                              0x08000735   Thumb Code    38  f2d.o(.text)
    __aeabi_cdcmpeq                          0x0800075d   Thumb Code     0  cdcmple.o(.text)
    __aeabi_cdcmple                          0x0800075d   Thumb Code    48  cdcmple.o(.text)
    __aeabi_cdrcmple                         0x0800078d   Thumb Code    48  cdrcmple.o(.text)
    __aeabi_d2f                              0x080007bd   Thumb Code    56  d2f.o(.text)
    __aeabi_uidiv                            0x080007f5   Thumb Code     0  uidiv.o(.text)
    __aeabi_uidivmod                         0x080007f5   Thumb Code    44  uidiv.o(.text)
    __aeabi_uldivmod                         0x08000821   Thumb Code    98  uldiv.o(.text)
    __aeabi_llsl                             0x08000883   Thumb Code    30  llshl.o(.text)
    _ll_shift_l                              0x08000883   Thumb Code     0  llshl.o(.text)
    __aeabi_llsr                             0x080008a1   Thumb Code    32  llushr.o(.text)
    _ll_ushift_r                             0x080008a1   Thumb Code     0  llushr.o(.text)
    __aeabi_lasr                             0x080008c1   Thumb Code    36  llsshr.o(.text)
    _ll_sshift_r                             0x080008c1   Thumb Code     0  llsshr.o(.text)
    _scanf_longlong                          0x080008e5   Thumb Code   342  _scanf_longlong.o(.text)
    _scanf_int                               0x08000a3b   Thumb Code   332  _scanf_int.o(.text)
    _scanf_string                            0x08000b87   Thumb Code   224  _scanf_str.o(.text)
    _scanf_real                              0x08000d91   Thumb Code     0  scanf_fp.o(.text)
    _scanf_really_real                       0x08000d91   Thumb Code   556  scanf_fp.o(.text)
    __vfscanf_char                           0x08000fd5   Thumb Code    20  scanf_char.o(.text)
    _sgetc                                   0x08000ff1   Thumb Code    30  _sgetc.o(.text)
    _sbackspace                              0x0800100f   Thumb Code    34  _sgetc.o(.text)
    __strtod_int                             0x08001067   Thumb Code    90  strtod.o(.text)
    strtol                                   0x080010cd   Thumb Code   112  strtol.o(.text)
    __I$use$fp                               0x0800113d   Thumb Code     0  iusefp.o(.text)
    _float_round                             0x0800113d   Thumb Code    18  fepilogue.o(.text)
    _float_epilogue                          0x0800114f   Thumb Code    92  fepilogue.o(.text)
    _double_round                            0x080011ab   Thumb Code    30  depilogue.o(.text)
    _double_epilogue                         0x080011c9   Thumb Code   156  depilogue.o(.text)
    __ARM_scalbn                             0x08001265   Thumb Code    46  dscalb.o(.text)
    scalbn                                   0x08001265   Thumb Code     0  dscalb.o(.text)
    __aeabi_d2ulz                            0x08001293   Thumb Code    48  dfixul.o(.text)
    __scatterload                            0x080012c5   Thumb Code    28  init.o(.text)
    __scatterload_rt2                        0x080012c5   Thumb Code     0  init.o(.text)
    __rt_ctype_table                         0x080012e9   Thumb Code     4  ctype_o.o(.text)
    isspace                                  0x080012f1   Thumb Code    18  isspace_o.o(.text)
    _chval                                   0x08001303   Thumb Code    28  _chval.o(.text)
    __vfscanf                                0x08001321   Thumb Code   808  _scanf.o(.text)
    _strtoul                                 0x0800164d   Thumb Code   158  _strtoul.o(.text)
    _dsqrt                                   0x080016eb   Thumb Code   162  dsqrt.o(.text)
    __aeabi_ul2d                             0x0800178d   Thumb Code    24  dfltul.o(.text)
    __decompress                             0x080017a5   Thumb Code     0  __dczerorl2.o(.text)
    __decompress1                            0x080017a5   Thumb Code    86  __dczerorl2.o(.text)
    ADC_Cmd                                  0x080017fb   Thumb Code    22  stm32f4xx_adc.o(i.ADC_Cmd)
    ADC_CommonInit                           0x08001811   Thumb Code    34  stm32f4xx_adc.o(i.ADC_CommonInit)
    ADC_GetConversionValue                   0x08001841   Thumb Code     8  stm32f4xx_adc.o(i.ADC_GetConversionValue)
    ADC_GetFlagStatus                        0x08001849   Thumb Code    18  stm32f4xx_adc.o(i.ADC_GetFlagStatus)
    ADC_Init                                 0x0800185d   Thumb Code    74  stm32f4xx_adc.o(i.ADC_Init)
    ADC_RegularChannelConfig                 0x080018b1   Thumb Code   184  stm32f4xx_adc.o(i.ADC_RegularChannelConfig)
    ADC_SoftwareStartConv                    0x08001969   Thumb Code    10  stm32f4xx_adc.o(i.ADC_SoftwareStartConv)
    BEEP_Init                                0x08001975   Thumb Code    50  led.o(i.BEEP_Init)
    BusFault_Handler                         0x080019ad   Thumb Code     4  stm32f4xx_it.o(i.BusFault_Handler)
    DHT11_Config                             0x080019b1   Thumb Code    60  adc.o(i.DHT11_Config)
    DHT11_GetACK                             0x080019f1   Thumb Code    84  adc.o(i.DHT11_GetACK)
    DHT11_GetValue                           0x08001a49   Thumb Code    86  adc.o(i.DHT11_GetValue)
    DHT11_ReadBit                            0x08001aa1   Thumb Code    78  adc.o(i.DHT11_ReadBit)
    DHT11_SetPinInputMode                    0x08001af5   Thumb Code    36  adc.o(i.DHT11_SetPinInputMode)
    DHT11_SetPinOutputMode                   0x08001b1d   Thumb Code    50  adc.o(i.DHT11_SetPinOutputMode)
    DHT11_StartSignal                        0x08001b55   Thumb Code    50  adc.o(i.DHT11_StartSignal)
    DebugMon_Handler                         0x08001b8d   Thumb Code     2  stm32f4xx_it.o(i.DebugMon_Handler)
    EXTI_ClearITPendingBit                   0x08001b91   Thumb Code     6  stm32f4xx_exti.o(i.EXTI_ClearITPendingBit)
    EXTI_Init                                0x08001b9d   Thumb Code   142  stm32f4xx_exti.o(i.EXTI_Init)
    Esp8266_Init                             0x08001c31   Thumb Code   278  esp8266.o(i.Esp8266_Init)
    FanConfig                                0x08001e95   Thumb Code   134  motor.o(i.FanConfig)
    FanInit                                  0x08001f31   Thumb Code    60  motor.o(i.FanInit)
    Fire_Config                              0x08001f71   Thumb Code   114  adc.o(i.Fire_Config)
    GPIO_Init                                0x08001fed   Thumb Code   144  stm32f4xx_gpio.o(i.GPIO_Init)
    GPIO_PinAFConfig                         0x0800207d   Thumb Code    70  stm32f4xx_gpio.o(i.GPIO_PinAFConfig)
    GPIO_ReadInputDataBit                    0x080020c3   Thumb Code    18  stm32f4xx_gpio.o(i.GPIO_ReadInputDataBit)
    GPIO_ResetBits                           0x080020d5   Thumb Code     4  stm32f4xx_gpio.o(i.GPIO_ResetBits)
    GPIO_SetBits                             0x080020d9   Thumb Code     4  stm32f4xx_gpio.o(i.GPIO_SetBits)
    Get_Network_Time                         0x080020dd   Thumb Code   224  nettime.o(i.Get_Network_Time)
    Get_Network_Weather                      0x08002389   Thumb Code   228  nettime.o(i.Get_Network_Weather)
    HardFault_Handler                        0x0800263d   Thumb Code     4  stm32f4xx_it.o(i.HardFault_Handler)
    IIC_Config                               0x08002641   Thumb Code    80  i2c.o(i.IIC_Config)
    IIC_SendByte                             0x080026f1   Thumb Code   122  i2c.o(i.IIC_SendByte)
    IIC_Start                                0x08002771   Thumb Code    50  i2c.o(i.IIC_Start)
    IIC_Stop                                 0x080027a9   Thumb Code    66  i2c.o(i.IIC_Stop)
    IIC_WaitSlaveAck                         0x080027f1   Thumb Code    60  i2c.o(i.IIC_WaitSlaveAck)
    KEY_Init                                 0x08002831   Thumb Code    56  led.o(i.KEY_Init)
    LED_Init                                 0x0800286d   Thumb Code    68  led.o(i.LED_Init)
    LightSensor_Config                       0x080028b5   Thumb Code   114  adc.o(i.LightSensor_Config)
    MemManage_Handler                        0x08002931   Thumb Code     4  stm32f4xx_it.o(i.MemManage_Handler)
    Motor_Config                             0x08002935   Thumb Code    44  motor.o(i.Motor_Config)
    Motorcw1                                 0x08002965   Thumb Code   188  motor.o(i.Motorcw1)
    Motorcw2                                 0x08002a25   Thumb Code   188  motor.o(i.Motorcw2)
    Mqtt_Connect_Aliyun                      0x08002ae5   Thumb Code   260  mqtt.o(i.Mqtt_Connect_Aliyun)
    NMI_Handler                              0x08002dd1   Thumb Code     2  stm32f4xx_it.o(i.NMI_Handler)
    NVIC_Init                                0x08002dd5   Thumb Code   106  misc.o(i.NVIC_Init)
    OLED_Clear                               0x08002e4d   Thumb Code    42  oled.o(i.OLED_Clear)
    OLED_DrawBMP                             0x08002e77   Thumb Code   118  oled.o(i.OLED_DrawBMP)
    OLED_Init                                0x08002eed   Thumb Code   152  oled.o(i.OLED_Init)
    OLED_Pow                                 0x08002f85   Thumb Code    20  oled.o(i.OLED_Pow)
    OLED_SetCursor                           0x08002f99   Thumb Code    34  oled.o(i.OLED_SetCursor)
    OLED_ShowChar                            0x08002fbd   Thumb Code   110  oled.o(i.OLED_ShowChar)
    OLED_ShowChinese                         0x08003031   Thumb Code    64  oled.o(i.OLED_ShowChinese)
    OLED_ShowChinese2                        0x08003075   Thumb Code    64  oled.o(i.OLED_ShowChinese2)
    OLED_ShowNum                             0x080030b9   Thumb Code    68  oled.o(i.OLED_ShowNum)
    OLED_ShowString                          0x080030fd   Thumb Code    40  oled.o(i.OLED_ShowString)
    OLED_WriteCommand                        0x08003125   Thumb Code    44  oled.o(i.OLED_WriteCommand)
    OLED_WriteData                           0x08003151   Thumb Code    44  oled.o(i.OLED_WriteData)
    PWR_BackupAccessCmd                      0x0800317d   Thumb Code     6  stm32f4xx_pwr.o(i.PWR_BackupAccessCmd)
    RCC_AHB1PeriphClockCmd                   0x08003189   Thumb Code    26  stm32f4xx_rcc.o(i.RCC_AHB1PeriphClockCmd)
    RCC_APB1PeriphClockCmd                   0x080031a9   Thumb Code    26  stm32f4xx_rcc.o(i.RCC_APB1PeriphClockCmd)
    RCC_APB2PeriphClockCmd                   0x080031c9   Thumb Code    26  stm32f4xx_rcc.o(i.RCC_APB2PeriphClockCmd)
    RCC_GetClocksFreq                        0x080031e9   Thumb Code   214  stm32f4xx_rcc.o(i.RCC_GetClocksFreq)
    RCC_GetFlagStatus                        0x080032d1   Thumb Code    60  stm32f4xx_rcc.o(i.RCC_GetFlagStatus)
    RCC_LSEConfig                            0x08003311   Thumb Code    40  stm32f4xx_rcc.o(i.RCC_LSEConfig)
    RCC_RTCCLKCmd                            0x0800333d   Thumb Code     6  stm32f4xx_rcc.o(i.RCC_RTCCLKCmd)
    RCC_RTCCLKConfig                         0x08003349   Thumb Code    50  stm32f4xx_rcc.o(i.RCC_RTCCLKConfig)
    RTC_ClearITPendingBit                    0x080033b9   Thumb Code    28  stm32f4xx_rtc.o(i.RTC_ClearITPendingBit)
    RTC_Config                               0x080033d9   Thumb Code   350  rtc.o(i.RTC_Config)
    RTC_EnterInitMode                        0x08003541   Thumb Code    76  stm32f4xx_rtc.o(i.RTC_EnterInitMode)
    RTC_ExitInitMode                         0x08003591   Thumb Code    14  stm32f4xx_rtc.o(i.RTC_ExitInitMode)
    RTC_GetDate                              0x080035a5   Thumb Code    68  stm32f4xx_rtc.o(i.RTC_GetDate)
    RTC_GetITStatus                          0x080035f1   Thumb Code    58  stm32f4xx_rtc.o(i.RTC_GetITStatus)
    RTC_GetTime                              0x08003631   Thumb Code    72  stm32f4xx_rtc.o(i.RTC_GetTime)
    RTC_ITConfig                             0x08003681   Thumb Code    94  stm32f4xx_rtc.o(i.RTC_ITConfig)
    RTC_Init                                 0x080036e5   Thumb Code    94  stm32f4xx_rtc.o(i.RTC_Init)
    RTC_SetDate                              0x08003749   Thumb Code   190  stm32f4xx_rtc.o(i.RTC_SetDate)
    RTC_SetTime                              0x08003811   Thumb Code   198  stm32f4xx_rtc.o(i.RTC_SetTime)
    RTC_SetWakeUpCounter                     0x080038e1   Thumb Code    22  stm32f4xx_rtc.o(i.RTC_SetWakeUpCounter)
    RTC_WKUP_IRQHandler                      0x080038fd   Thumb Code    34  rtc.o(i.RTC_WKUP_IRQHandler)
    RTC_WaitForSynchro                       0x08003925   Thumb Code    92  stm32f4xx_rtc.o(i.RTC_WaitForSynchro)
    RTC_WakeUpClockConfig                    0x08003985   Thumb Code    42  stm32f4xx_rtc.o(i.RTC_WakeUpClockConfig)
    RTC_WakeUpCmd                            0x080039b5   Thumb Code   116  stm32f4xx_rtc.o(i.RTC_WakeUpCmd)
    Smog_Config                              0x08003b19   Thumb Code   114  adc.o(i.Smog_Config)
    SysTick_Handler                          0x08003b95   Thumb Code    46  port.o(i.SysTick_Handler)
    SystemInit                               0x08003bc9   Thumb Code    88  system_stm32f4xx.o(i.SystemInit)
    TIM_ARRPreloadConfig                     0x08003c31   Thumb Code    24  stm32f4xx_tim.o(i.TIM_ARRPreloadConfig)
    TIM_Cmd                                  0x08003c49   Thumb Code    24  stm32f4xx_tim.o(i.TIM_Cmd)
    TIM_CtrlPWMOutputs                       0x08003c61   Thumb Code    30  stm32f4xx_tim.o(i.TIM_CtrlPWMOutputs)
    TIM_OC1Init                              0x08003c81   Thumb Code   114  stm32f4xx_tim.o(i.TIM_OC1Init)
    TIM_TimeBaseInit                         0x08003cfd   Thumb Code   104  stm32f4xx_tim.o(i.TIM_TimeBaseInit)
    USART1_Config                            0x08003d81   Thumb Code   166  usart2.o(i.USART1_Config)
    USART1_IRQHandler                        0x08003e31   Thumb Code    36  usart2.o(i.USART1_IRQHandler)
    USART2_Config                            0x08003e59   Thumb Code   164  usart.o(i.USART2_Config)
    USART2_Handle                            0x08003f05   Thumb Code   358  usart.o(i.USART2_Handle)
    USART2_IRQHandler                        0x080040c1   Thumb Code    94  usart.o(i.USART2_IRQHandler)
    USART2_SendString                        0x08004135   Thumb Code    38  usart.o(i.USART2_SendString)
    USART3_Config                            0x08004161   Thumb Code   166  usart2.o(i.USART3_Config)
    USART3_IRQHandler                        0x08004211   Thumb Code    74  usart2.o(i.USART3_IRQHandler)
    USART_ClearFlag                          0x08004271   Thumb Code    18  stm32f4xx_usart.o(i.USART_ClearFlag)
    USART_ClearITPendingBit                  0x08004283   Thumb Code    30  stm32f4xx_usart.o(i.USART_ClearITPendingBit)
    USART_Cmd                                0x080042a1   Thumb Code    24  stm32f4xx_usart.o(i.USART_Cmd)
    USART_GetFlagStatus                      0x080042b9   Thumb Code    26  stm32f4xx_usart.o(i.USART_GetFlagStatus)
    USART_GetITStatus                        0x080042d3   Thumb Code    84  stm32f4xx_usart.o(i.USART_GetITStatus)
    USART_ITConfig                           0x08004327   Thumb Code    74  stm32f4xx_usart.o(i.USART_ITConfig)
    USART_Init                               0x08004371   Thumb Code   204  stm32f4xx_usart.o(i.USART_Init)
    USART_ReceiveData                        0x08004445   Thumb Code    10  stm32f4xx_usart.o(i.USART_ReceiveData)
    USART_SendData                           0x0800444f   Thumb Code     8  stm32f4xx_usart.o(i.USART_SendData)
    UsageFault_Handler                       0x08004457   Thumb Code     4  stm32f4xx_it.o(i.UsageFault_Handler)
    Usart_SendByte                           0x0800445b   Thumb Code    30  usart2.o(i.Usart_SendByte)
    Usart_SendBytes                          0x08004479   Thumb Code    58  usart2.o(i.Usart_SendBytes)
    Usart_SendString                         0x080044b3   Thumb Code    50  usart2.o(i.Usart_SendString)
    WS2812_Init                              0x080044e5   Thumb Code    54  ws2812.o(i.WS2812_Init)
    WeatherHandle                            0x08004521   Thumb Code   146  nettime.o(i.WeatherHandle)
    __0printf                                0x080045f1   Thumb Code    22  printfa.o(i.__0printf)
    __1printf                                0x080045f1   Thumb Code     0  printfa.o(i.__0printf)
    __2printf                                0x080045f1   Thumb Code     0  printfa.o(i.__0printf)
    __c89printf                              0x080045f1   Thumb Code     0  printfa.o(i.__0printf)
    printf                                   0x080045f1   Thumb Code     0  printfa.o(i.__0printf)
    __0sprintf                               0x08004611   Thumb Code    34  printfa.o(i.__0sprintf)
    __1sprintf                               0x08004611   Thumb Code     0  printfa.o(i.__0sprintf)
    __2sprintf                               0x08004611   Thumb Code     0  printfa.o(i.__0sprintf)
    __c89sprintf                             0x08004611   Thumb Code     0  printfa.o(i.__0sprintf)
    sprintf                                  0x08004611   Thumb Code     0  printfa.o(i.__0sprintf)
    __ARM_fpclassify                         0x08004639   Thumb Code    48  fpclassify.o(i.__ARM_fpclassify)
    __aeabi_errno_addr                       0x08004669   Thumb Code     4  errno.o(i.__aeabi_errno_addr)
    __rt_errno_addr                          0x08004669   Thumb Code     0  errno.o(i.__aeabi_errno_addr)
    free                                     0x08004671   Thumb Code    88  mallocr.o(i.__free$realloc)
    __hardfp_pow                             0x080046d1   Thumb Code  3072  pow.o(i.__hardfp_pow)
    __kernel_poly                            0x08005321   Thumb Code   248  poly.o(i.__kernel_poly)
    malloc                                   0x08005419   Thumb Code    64  mallocr.o(i.__malloc$realloc)
    __mathlib_dbl_divzero                    0x08005469   Thumb Code    28  dunder.o(i.__mathlib_dbl_divzero)
    __mathlib_dbl_infnan2                    0x08005499   Thumb Code    20  dunder.o(i.__mathlib_dbl_infnan2)
    __mathlib_dbl_invalid                    0x080054b1   Thumb Code    24  dunder.o(i.__mathlib_dbl_invalid)
    __mathlib_dbl_overflow                   0x080054d1   Thumb Code    24  dunder.o(i.__mathlib_dbl_overflow)
    __mathlib_dbl_underflow                  0x080054f1   Thumb Code    24  dunder.o(i.__mathlib_dbl_underflow)
    __scatterload_copy                       0x08005511   Thumb Code    14  handlers.o(i.__scatterload_copy)
    __scatterload_null                       0x0800551f   Thumb Code     2  handlers.o(i.__scatterload_null)
    __scatterload_zeroinit                   0x08005521   Thumb Code    14  handlers.o(i.__scatterload_zeroinit)
    __set_errno                              0x08005531   Thumb Code     6  errno.o(i.__set_errno)
    _is_digit                                0x080056c1   Thumb Code    14  scanf_fp.o(i._is_digit)
    cJSON_Delete                             0x08005e45   Thumb Code    84  cjson.o(i.cJSON_Delete)
    cJSON_GetArrayItem                       0x08005e9d   Thumb Code    24  cjson.o(i.cJSON_GetArrayItem)
    cJSON_GetErrorPtr                        0x08005eb5   Thumb Code    12  cjson.o(i.cJSON_GetErrorPtr)
    cJSON_GetObjectItem                      0x08005ec5   Thumb Code    18  cjson.o(i.cJSON_GetObjectItem)
    cJSON_Parse                              0x08005ef3   Thumb Code    16  cjson.o(i.cJSON_Parse)
    cJSON_ParseWithOpts                      0x08005f05   Thumb Code   200  cjson.o(i.cJSON_ParseWithOpts)
    cJSON_Print                              0x08005fd5   Thumb Code    16  cjson.o(i.cJSON_Print)
    calculating_time                         0x08005fe9   Thumb Code   238  nettime.o(i.calculating_time)
    delay_ms                                 0x08006149   Thumb Code    60  delay.o(i.delay_ms)
    delay_us                                 0x08006185   Thumb Code    54  delay.o(i.delay_us)
    esp8266_check                            0x08006275   Thumb Code    30  esp8266.o(i.esp8266_check)
    esp8266_check_connection_status          0x080062a1   Thumb Code    42  esp8266.o(i.esp8266_check_connection_status)
    esp8266_connect_ap                       0x080062ed   Thumb Code   128  esp8266.o(i.esp8266_connect_ap)
    esp8266_connect_server                   0x080063bd   Thumb Code   130  esp8266.o(i.esp8266_connect_server)
    esp8266_disconnect_server                0x0800646d   Thumb Code    28  esp8266.o(i.esp8266_disconnect_server)
    esp8266_enable_echo                      0x080064a1   Thumb Code    42  esp8266.o(i.esp8266_enable_echo)
    esp8266_entry_transparent_transmission   0x080064e1   Thumb Code    92  esp8266.o(i.esp8266_entry_transparent_transmission)
    esp8266_exit_transparent_transmission    0x08006565   Thumb Code    24  esp8266.o(i.esp8266_exit_transparent_transmission)
    esp8266_find_str_in_rx_packet            0x08006585   Thumb Code    50  esp8266.o(i.esp8266_find_str_in_rx_packet)
    esp8266_reset                            0x080065bd   Thumb Code    30  esp8266.o(i.esp8266_reset)
    esp8266_send_at                          0x080065ed   Thumb Code    30  esp8266.o(i.esp8266_send_at)
    esp8266_send_bytes                       0x08006619   Thumb Code    18  esp8266.o(i.esp8266_send_bytes)
    esp8266_send_str                         0x08006631   Thumb Code    14  esp8266.o(i.esp8266_send_str)
    fabs                                     0x08006645   Thumb Code    24  fabs.o(i.fabs)
    fputc                                    0x0800665d   Thumb Code    32  usart2.o(i.fputc)
    main                                     0x08006741   Thumb Code   186  main.o(i.main)
    mqtt_cjson_parse                         0x08006835   Thumb Code   206  mqtt.o(i.mqtt_cjson_parse)
    mqtt_connect                             0x08006965   Thumb Code   656  mqtt.o(i.mqtt_connect)
    mqtt_msg_handle                          0x08006cd1   Thumb Code    68  mqtt.o(i.mqtt_msg_handle)
    mqtt_publish_data                        0x08006d29   Thumb Code   266  mqtt.o(i.mqtt_publish_data)
    mqtt_report_devices_status               0x08006e3d   Thumb Code    34  mqtt.o(i.mqtt_report_devices_status)
    mqtt_report_devices_status2              0x08006ec9   Thumb Code    30  mqtt.o(i.mqtt_report_devices_status2)
    mqtt_report_devices_status3              0x08006f4d   Thumb Code    30  mqtt.o(i.mqtt_report_devices_status3)
    mqtt_send_bytes                          0x08006fd1   Thumb Code    16  mqtt.o(i.mqtt_send_bytes)
    mqtt_send_heart                          0x08006fe1   Thumb Code   102  mqtt.o(i.mqtt_send_heart)
    mqtt_subscribe_topic                     0x08007099   Thumb Code   418  mqtt.o(i.mqtt_subscribe_topic)
    pvPortMalloc                             0x080085e1   Thumb Code   296  heap_4.o(i.pvPortMalloc)
    pvTaskIncrementMutexHeldCount            0x0800871d   Thumb Code    26  tasks.o(i.pvTaskIncrementMutexHeldCount)
    pxPortInitialiseStack                    0x0800873d   Thumb Code    38  port.o(i.pxPortInitialiseStack)
    realloc                                  0x08008769   Thumb Code   102  mallocr.o(i.realloc)
    sqrt                                     0x080087d5   Thumb Code   110  sqrt.o(i.sqrt)
    strtod                                   0x08008849   Thumb Code    34  strtod.o(i.strtod)
    task1_func                               0x08008879   Thumb Code   774  main.o(i.task1_func)
    task2_func                               0x08008c61   Thumb Code    48  main.o(i.task2_func)
    task3_func                               0x08008cad   Thumb Code    54  main.o(i.task3_func)
    uxListRemove                             0x08008e55   Thumb Code    40  list.o(i.uxListRemove)
    vListInitialise                          0x08008e7d   Thumb Code    26  list.o(i.vListInitialise)
    vListInitialiseItem                      0x08008e97   Thumb Code     6  list.o(i.vListInitialiseItem)
    vListInsert                              0x08008e9d   Thumb Code    52  list.o(i.vListInsert)
    vListInsertEnd                           0x08008ed1   Thumb Code    24  list.o(i.vListInsertEnd)
    vPortEnterCritical                       0x08008ee9   Thumb Code    76  port.o(i.vPortEnterCritical)
    vPortExitCritical                        0x08008f3d   Thumb Code    56  port.o(i.vPortExitCritical)
    vPortFree                                0x08008f79   Thumb Code   140  heap_4.o(i.vPortFree)
    vPortSetupTimerInterrupt                 0x0800900d   Thumb Code    26  port.o(i.vPortSetupTimerInterrupt)
    vTaskDelay                               0x0800902d   Thumb Code    82  tasks.o(i.vTaskDelay)
    vTaskMissedYield                         0x08009089   Thumb Code     8  tasks.o(i.vTaskMissedYield)
    vTaskPlaceOnEventList                    0x08009095   Thumb Code    52  tasks.o(i.vTaskPlaceOnEventList)
    vTaskPriorityInherit                     0x080090cd   Thumb Code   164  tasks.o(i.vTaskPriorityInherit)
    vTaskSetTimeOutState                     0x0800917d   Thumb Code    38  tasks.o(i.vTaskSetTimeOutState)
    vTaskStartScheduler                      0x080091ad   Thumb Code   108  tasks.o(i.vTaskStartScheduler)
    vTaskSuspendAll                          0x08009235   Thumb Code    12  tasks.o(i.vTaskSuspendAll)
    vTaskSwitchContext                       0x08009245   Thumb Code   118  tasks.o(i.vTaskSwitchContext)
    xPortStartScheduler                      0x080092d1   Thumb Code   288  port.o(i.xPortStartScheduler)
    xQueueCreateMutex                        0x0800940d   Thumb Code    34  queue.o(i.xQueueCreateMutex)
    xQueueGenericCreate                      0x0800942f   Thumb Code    88  queue.o(i.xQueueGenericCreate)
    xQueueGenericReceive                     0x08009489   Thumb Code   406  queue.o(i.xQueueGenericReceive)
    xQueueGenericReset                       0x08009625   Thumb Code   146  queue.o(i.xQueueGenericReset)
    xQueueGenericSend                        0x080096bd   Thumb Code   380  queue.o(i.xQueueGenericSend)
    xTaskCheckForTimeOut                     0x0800983d   Thumb Code   132  tasks.o(i.xTaskCheckForTimeOut)
    xTaskCreate                              0x080098c9   Thumb Code    96  tasks.o(i.xTaskCreate)
    xTaskIncrementTick                       0x08009929   Thumb Code   282  tasks.o(i.xTaskIncrementTick)
    xTaskPriorityDisinherit                  0x08009a71   Thumb Code   188  tasks.o(i.xTaskPriorityDisinherit)
    xTaskRemoveFromEventList                 0x08009b39   Thumb Code   128  tasks.o(i.xTaskRemoveFromEventList)
    xTaskResumeAll                           0x08009bd1   Thumb Code   224  tasks.o(i.xTaskResumeAll)
    Chinese_8x8                              0x08009cd4   Data           8  oled.o(.constdata)
    Chinese_16x16                            0x08009cdc   Data         320  oled.o(.constdata)
    OLED_F8x16                               0x08009e1c   Data        1520  oled.o(.constdata)
    __mathlib_zero                           0x0800a498   Data           8  qnan.o(.constdata)
    __internal_lconv                         0x0800a4a0   Data          56  ilconv.o(.constdata)
    __ctype_table                            0x0800a4d8   Data         129  ctype_o.o(.constdata)
    Region$$Table$$Base                      0x0800a88c   Number         0  anon$$obj.o(Region$$Table)
    Region$$Table$$Limit                     0x0800a8ac   Number         0  anon$$obj.o(Region$$Table)
    dhtbuf                                   0x20000010   Data           5  adc.o(.data)
    esp8266_transparent_transmission_sta     0x2000002c   Data           4  esp8266.o(.data)
    GPIO_InitStructure                       0x20000030   Data           8  motor.o(.data)
    mqtt_tx_len                              0x20000038   Data           4  mqtt.o(.data)
    RTC_DateStructure                        0x2000003c   Data           4  rtc.o(.data)
    RTC_TimeStructure                        0x20000040   Data           4  rtc.o(.data)
    uwTimeDisplay                            0x20000044   Data           4  rtc.o(.data)
    host_cnt                                 0x20000048   Data           4  usart.o(.data)
    host_recvflag                            0x2000004c   Data           1  usart.o(.data)
    Rx1Counter                               0x20000050   Data           1  usart2.o(.data)
    Rx1Data                                  0x20000051   Data           1  usart2.o(.data)
    Rx3Counter                               0x20000054   Data           4  usart2.o(.data)
    Rx3Data                                  0x20000058   Data           1  usart2.o(.data)
    Rx3End                                   0x20000059   Data           1  usart2.o(.data)
    __stdout                                 0x2000005c   Data           4  usart2.o(.data)
    __stdin                                  0x20000060   Data           4  usart2.o(.data)
    calendar                                 0x20000064   Data           6  nettime.o(.data)
    SystemCoreClock                          0x2000006c   Data           4  system_stm32f4xx.o(.data)
    AHBPrescTable                            0x20000070   Data          16  system_stm32f4xx.o(.data)
    BMP1                                     0x20000080   Data        1024  main.o(.data)
    BMP2                                     0x20000480   Data          64  main.o(.data)
    xSemaphore                               0x200004c0   Data           4  main.o(.data)
    task1_handle                             0x200004c4   Data           4  main.o(.data)
    task2_handle                             0x200004c8   Data           4  main.o(.data)
    task3_handle                             0x200004cc   Data           4  main.o(.data)
    pxCurrentTCB                             0x200004d0   Data           4  tasks.o(.data)
    __microlib_freelist                      0x20000530   Data           4  mvars.o(.data)
    __microlib_freelist_initialised          0x20000534   Data           4  mvars.o(.data)
    TIM_TimeBaseStructure                    0x2000053c   Data          12  motor.o(.bss)
    TIM_OCInitStructure                      0x20000548   Data          20  motor.o(.bss)
    mqtt_post_msg                            0x2000055c   Data         526  mqtt.o(.bss)
    host_buffer                              0x2000076a   Data         256  usart.o(.bss)
    Rx1Buffer                                0x2000086a   Data         256  usart2.o(.bss)
    Tx3Buffer                                0x2000096a   Data         512  usart2.o(.bss)
    Rx3Buffer                                0x20000b6a   Data         512  usart2.o(.bss)
    __heap_base                              0x20013a38   Data           0  startup_stm32f40_41xxx.o(HEAP)
    __heap_limit                             0x20014238   Data           0  startup_stm32f40_41xxx.o(HEAP)
    __initial_sp                             0x20014638   Data           0  startup_stm32f40_41xxx.o(STACK)



==============================================================================

Memory Map of the image

  Image Entry point : 0x08000189

  Load Region LR_IROM1 (Base: 0x08000000, Size: 0x0000ade8, Max: 0x00080000, ABSOLUTE, COMPRESSED[0x0000aa78])

    Execution Region ER_IROM1 (Exec base: 0x08000000, Load base: 0x08000000, Size: 0x0000a8ac, Max: 0x00080000, ABSOLUTE)

    Exec Addr    Load Addr    Size         Type   Attr      Idx    E Section Name        Object

    0x08000000   0x08000000   0x00000188   Data   RO            3    RESET               startup_stm32f40_41xxx.o
    0x08000188   0x08000188   0x00000000   Code   RO         5127  * .ARM.Collect$$$$00000000  mc_w.l(entry.o)
    0x08000188   0x08000188   0x00000004   Code   RO         5506    .ARM.Collect$$$$00000001  mc_w.l(entry2.o)
    0x0800018c   0x0800018c   0x00000004   Code   RO         5509    .ARM.Collect$$$$00000004  mc_w.l(entry5.o)
    0x08000190   0x08000190   0x00000000   Code   RO         5511    .ARM.Collect$$$$00000008  mc_w.l(entry7b.o)
    0x08000190   0x08000190   0x00000000   Code   RO         5513    .ARM.Collect$$$$0000000A  mc_w.l(entry8b.o)
    0x08000190   0x08000190   0x00000008   Code   RO         5514    .ARM.Collect$$$$0000000B  mc_w.l(entry9a.o)
    0x08000198   0x08000198   0x00000000   Code   RO         5516    .ARM.Collect$$$$0000000D  mc_w.l(entry10a.o)
    0x08000198   0x08000198   0x00000000   Code   RO         5518    .ARM.Collect$$$$0000000F  mc_w.l(entry11a.o)
    0x08000198   0x08000198   0x00000004   Code   RO         5507    .ARM.Collect$$$$00002712  mc_w.l(entry2.o)
    0x0800019c   0x0800019c   0x000000b6   Code   RO         5030    .emb_text           port.o
    0x08000252   0x08000252   0x00000002   PAD
    0x08000254   0x08000254   0x00000024   Code   RO            4    .text               startup_stm32f40_41xxx.o
    0x08000278   0x08000278   0x0000000c   Code   RO         5130    .text               mc_w.l(tolower.o)
    0x08000284   0x08000284   0x00000008   Code   RO         5132    .text               mc_w.l(localeconv.o)
    0x0800028c   0x0800028c   0x00000028   Code   RO         5134    .text               mc_w.l(memcpy.o)
    0x080002b4   0x080002b4   0x00000024   Code   RO         5140    .text               mc_w.l(memseta.o)
    0x080002d8   0x080002d8   0x00000024   Code   RO         5142    .text               mc_w.l(strstr.o)
    0x080002fc   0x080002fc   0x0000000e   Code   RO         5144    .text               mc_w.l(strlen.o)
    0x0800030a   0x0800030a   0x0000001c   Code   RO         5146    .text               mc_w.l(strcmp.o)
    0x08000326   0x08000326   0x00000012   Code   RO         5148    .text               mc_w.l(strcpy.o)
    0x08000338   0x08000338   0x0000001e   Code   RO         5150    .text               mc_w.l(strncmp.o)
    0x08000356   0x08000356   0x00000002   PAD
    0x08000358   0x08000358   0x00000038   Code   RO         5445    .text               mc_w.l(sscanf.o)
    0x08000390   0x08000390   0x0000001a   Code   RO         5447    .text               mc_w.l(atoi.o)
    0x080003aa   0x080003aa   0x0000014e   Code   RO         5449    .text               mf_w.l(dadd.o)
    0x080004f8   0x080004f8   0x000000e4   Code   RO         5451    .text               mf_w.l(dmul.o)
    0x080005dc   0x080005dc   0x000000de   Code   RO         5453    .text               mf_w.l(ddiv.o)
    0x080006ba   0x080006ba   0x00000022   Code   RO         5455    .text               mf_w.l(dflti.o)
    0x080006dc   0x080006dc   0x0000001a   Code   RO         5457    .text               mf_w.l(dfltui.o)
    0x080006f6   0x080006f6   0x0000003e   Code   RO         5459    .text               mf_w.l(dfixi.o)
    0x08000734   0x08000734   0x00000026   Code   RO         5461    .text               mf_w.l(f2d.o)
    0x0800075a   0x0800075a   0x00000002   PAD
    0x0800075c   0x0800075c   0x00000030   Code   RO         5463    .text               mf_w.l(cdcmple.o)
    0x0800078c   0x0800078c   0x00000030   Code   RO         5465    .text               mf_w.l(cdrcmple.o)
    0x080007bc   0x080007bc   0x00000038   Code   RO         5467    .text               mf_w.l(d2f.o)
    0x080007f4   0x080007f4   0x0000002c   Code   RO         5520    .text               mc_w.l(uidiv.o)
    0x08000820   0x08000820   0x00000062   Code   RO         5522    .text               mc_w.l(uldiv.o)
    0x08000882   0x08000882   0x0000001e   Code   RO         5524    .text               mc_w.l(llshl.o)
    0x080008a0   0x080008a0   0x00000020   Code   RO         5526    .text               mc_w.l(llushr.o)
    0x080008c0   0x080008c0   0x00000024   Code   RO         5528    .text               mc_w.l(llsshr.o)
    0x080008e4   0x080008e4   0x00000156   Code   RO         5541    .text               mc_w.l(_scanf_longlong.o)
    0x08000a3a   0x08000a3a   0x0000014c   Code   RO         5543    .text               mc_w.l(_scanf_int.o)
    0x08000b86   0x08000b86   0x000000e0   Code   RO         5545    .text               mc_w.l(_scanf_str.o)
    0x08000c66   0x08000c66   0x00000002   PAD
    0x08000c68   0x08000c68   0x00000360   Code   RO         5547    .text               mc_w.l(scanf_fp.o)
    0x08000fc8   0x08000fc8   0x00000028   Code   RO         5551    .text               mc_w.l(scanf_char.o)
    0x08000ff0   0x08000ff0   0x00000040   Code   RO         5553    .text               mc_w.l(_sgetc.o)
    0x08001030   0x08001030   0x0000009c   Code   RO         5555    .text               mc_w.l(strtod.o)
    0x080010cc   0x080010cc   0x00000070   Code   RO         5557    .text               mc_w.l(strtol.o)
    0x0800113c   0x0800113c   0x00000000   Code   RO         5559    .text               mc_w.l(iusefp.o)
    0x0800113c   0x0800113c   0x0000006e   Code   RO         5560    .text               mf_w.l(fepilogue.o)
    0x080011aa   0x080011aa   0x000000ba   Code   RO         5562    .text               mf_w.l(depilogue.o)
    0x08001264   0x08001264   0x0000002e   Code   RO         5566    .text               mf_w.l(dscalb.o)
    0x08001292   0x08001292   0x00000030   Code   RO         5568    .text               mf_w.l(dfixul.o)
    0x080012c2   0x080012c2   0x00000002   PAD
    0x080012c4   0x080012c4   0x00000024   Code   RO         5570    .text               mc_w.l(init.o)
    0x080012e8   0x080012e8   0x00000008   Code   RO         5574    .text               mc_w.l(ctype_o.o)
    0x080012f0   0x080012f0   0x00000012   Code   RO         5596    .text               mc_w.l(isspace_o.o)
    0x08001302   0x08001302   0x0000001c   Code   RO         5602    .text               mc_w.l(_chval.o)
    0x0800131e   0x0800131e   0x00000002   PAD
    0x08001320   0x08001320   0x0000032c   Code   RO         5604    .text               mc_w.l(_scanf.o)
    0x0800164c   0x0800164c   0x0000009e   Code   RO         5606    .text               mc_w.l(_strtoul.o)
    0x080016ea   0x080016ea   0x000000a2   Code   RO         5608    .text               mf_w.l(dsqrt.o)
    0x0800178c   0x0800178c   0x00000018   Code   RO         5610    .text               mf_w.l(dfltul.o)
    0x080017a4   0x080017a4   0x00000056   Code   RO         5623    .text               mc_w.l(__dczerorl2.o)
    0x080017fa   0x080017fa   0x00000016   Code   RO         2387    i.ADC_Cmd           stm32f4xx_adc.o
    0x08001810   0x08001810   0x00000030   Code   RO         2388    i.ADC_CommonInit    stm32f4xx_adc.o
    0x08001840   0x08001840   0x00000008   Code   RO         2399    i.ADC_GetConversionValue  stm32f4xx_adc.o
    0x08001848   0x08001848   0x00000012   Code   RO         2400    i.ADC_GetFlagStatus  stm32f4xx_adc.o
    0x0800185a   0x0800185a   0x00000002   PAD
    0x0800185c   0x0800185c   0x00000054   Code   RO         2407    i.ADC_Init          stm32f4xx_adc.o
    0x080018b0   0x080018b0   0x000000b8   Code   RO         2412    i.ADC_RegularChannelConfig  stm32f4xx_adc.o
    0x08001968   0x08001968   0x0000000a   Code   RO         2414    i.ADC_SoftwareStartConv  stm32f4xx_adc.o
    0x08001972   0x08001972   0x00000002   PAD
    0x08001974   0x08001974   0x00000038   Code   RO         3501    i.BEEP_Init         led.o
    0x080019ac   0x080019ac   0x00000004   Code   RO         4340    i.BusFault_Handler  stm32f4xx_it.o
    0x080019b0   0x080019b0   0x00000040   Code   RO         2623    i.DHT11_Config      adc.o
    0x080019f0   0x080019f0   0x00000058   Code   RO         2624    i.DHT11_GetACK      adc.o
    0x08001a48   0x08001a48   0x00000056   Code   RO         2625    i.DHT11_GetValue    adc.o
    0x08001a9e   0x08001a9e   0x00000002   PAD
    0x08001aa0   0x08001aa0   0x00000054   Code   RO         2626    i.DHT11_ReadBit     adc.o
    0x08001af4   0x08001af4   0x00000028   Code   RO         2627    i.DHT11_SetPinInputMode  adc.o
    0x08001b1c   0x08001b1c   0x00000038   Code   RO         2628    i.DHT11_SetPinOutputMode  adc.o
    0x08001b54   0x08001b54   0x00000038   Code   RO         2629    i.DHT11_StartSignal  adc.o
    0x08001b8c   0x08001b8c   0x00000002   Code   RO         4341    i.DebugMon_Handler  stm32f4xx_it.o
    0x08001b8e   0x08001b8e   0x00000002   PAD
    0x08001b90   0x08001b90   0x0000000c   Code   RO         2320    i.EXTI_ClearITPendingBit  stm32f4xx_exti.o
    0x08001b9c   0x08001b9c   0x00000094   Code   RO         2325    i.EXTI_Init         stm32f4xx_exti.o
    0x08001c30   0x08001c30   0x00000264   Code   RO         3272    i.Esp8266_Init      esp8266.o
    0x08001e94   0x08001e94   0x0000009c   Code   RO         3536    i.FanConfig         motor.o
    0x08001f30   0x08001f30   0x00000040   Code   RO         3537    i.FanInit           motor.o
    0x08001f70   0x08001f70   0x0000007c   Code   RO         2630    i.Fire_Config       adc.o
    0x08001fec   0x08001fec   0x00000090   Code   RO          496    i.GPIO_Init         stm32f4xx_gpio.o
    0x0800207c   0x0800207c   0x00000046   Code   RO          497    i.GPIO_PinAFConfig  stm32f4xx_gpio.o
    0x080020c2   0x080020c2   0x00000012   Code   RO          500    i.GPIO_ReadInputDataBit  stm32f4xx_gpio.o
    0x080020d4   0x080020d4   0x00000004   Code   RO          503    i.GPIO_ResetBits    stm32f4xx_gpio.o
    0x080020d8   0x080020d8   0x00000004   Code   RO          504    i.GPIO_SetBits      stm32f4xx_gpio.o
    0x080020dc   0x080020dc   0x000002ac   Code   RO         4160    i.Get_Network_Time  nettime.o
    0x08002388   0x08002388   0x000002b4   Code   RO         4161    i.Get_Network_Weather  nettime.o
    0x0800263c   0x0800263c   0x00000004   Code   RO         4342    i.HardFault_Handler  stm32f4xx_it.o
    0x08002640   0x08002640   0x00000054   Code   RO         3432    i.IIC_Config        i2c.o
    0x08002694   0x08002694   0x00000028   Code   RO         3435    i.IIC_SDASetInputMode  i2c.o
    0x080026bc   0x080026bc   0x00000034   Code   RO         3436    i.IIC_SDASetOutputMode  i2c.o
    0x080026f0   0x080026f0   0x00000080   Code   RO         3437    i.IIC_SendByte      i2c.o
    0x08002770   0x08002770   0x00000038   Code   RO         3438    i.IIC_Start         i2c.o
    0x080027a8   0x080027a8   0x00000048   Code   RO         3439    i.IIC_Stop          i2c.o
    0x080027f0   0x080027f0   0x00000040   Code   RO         3440    i.IIC_WaitSlaveAck  i2c.o
    0x08002830   0x08002830   0x0000003c   Code   RO         3502    i.KEY_Init          led.o
    0x0800286c   0x0800286c   0x00000048   Code   RO         3503    i.LED_Init          led.o
    0x080028b4   0x080028b4   0x0000007c   Code   RO         2631    i.LightSensor_Config  adc.o
    0x08002930   0x08002930   0x00000004   Code   RO         4343    i.MemManage_Handler  stm32f4xx_it.o
    0x08002934   0x08002934   0x00000030   Code   RO         3539    i.Motor_Config      motor.o
    0x08002964   0x08002964   0x000000c0   Code   RO         3540    i.Motorcw1          motor.o
    0x08002a24   0x08002a24   0x000000c0   Code   RO         3541    i.Motorcw2          motor.o
    0x08002ae4   0x08002ae4   0x000002ec   Code   RO         3593    i.Mqtt_Connect_Aliyun  mqtt.o
    0x08002dd0   0x08002dd0   0x00000002   Code   RO         4344    i.NMI_Handler       stm32f4xx_it.o
    0x08002dd2   0x08002dd2   0x00000002   PAD
    0x08002dd4   0x08002dd4   0x00000078   Code   RO           12    i.NVIC_Init         misc.o
    0x08002e4c   0x08002e4c   0x0000002a   Code   RO         3709    i.OLED_Clear        oled.o
    0x08002e76   0x08002e76   0x00000076   Code   RO         3710    i.OLED_DrawBMP      oled.o
    0x08002eec   0x08002eec   0x00000098   Code   RO         3711    i.OLED_Init         oled.o
    0x08002f84   0x08002f84   0x00000014   Code   RO         3712    i.OLED_Pow          oled.o
    0x08002f98   0x08002f98   0x00000022   Code   RO         3713    i.OLED_SetCursor    oled.o
    0x08002fba   0x08002fba   0x00000002   PAD
    0x08002fbc   0x08002fbc   0x00000074   Code   RO         3715    i.OLED_ShowChar     oled.o
    0x08003030   0x08003030   0x00000044   Code   RO         3716    i.OLED_ShowChinese  oled.o
    0x08003074   0x08003074   0x00000044   Code   RO         3717    i.OLED_ShowChinese2  oled.o
    0x080030b8   0x080030b8   0x00000044   Code   RO         3719    i.OLED_ShowNum      oled.o
    0x080030fc   0x080030fc   0x00000028   Code   RO         3721    i.OLED_ShowString   oled.o
    0x08003124   0x08003124   0x0000002c   Code   RO         3722    i.OLED_WriteCommand  oled.o
    0x08003150   0x08003150   0x0000002c   Code   RO         3723    i.OLED_WriteData    oled.o
    0x0800317c   0x0800317c   0x0000000c   Code   RO         1923    i.PWR_BackupAccessCmd  stm32f4xx_pwr.o
    0x08003188   0x08003188   0x00000020   Code   RO          161    i.RCC_AHB1PeriphClockCmd  stm32f4xx_rcc.o
    0x080031a8   0x080031a8   0x00000020   Code   RO          170    i.RCC_APB1PeriphClockCmd  stm32f4xx_rcc.o
    0x080031c8   0x080031c8   0x00000020   Code   RO          173    i.RCC_APB2PeriphClockCmd  stm32f4xx_rcc.o
    0x080031e8   0x080031e8   0x000000e8   Code   RO          182    i.RCC_GetClocksFreq  stm32f4xx_rcc.o
    0x080032d0   0x080032d0   0x00000040   Code   RO          183    i.RCC_GetFlagStatus  stm32f4xx_rcc.o
    0x08003310   0x08003310   0x0000002c   Code   RO          191    i.RCC_LSEConfig     stm32f4xx_rcc.o
    0x0800333c   0x0800333c   0x0000000c   Code   RO          205    i.RCC_RTCCLKCmd     stm32f4xx_rcc.o
    0x08003348   0x08003348   0x0000003c   Code   RO          206    i.RCC_RTCCLKConfig  stm32f4xx_rcc.o
    0x08003384   0x08003384   0x00000016   Code   RO         1572    i.RTC_Bcd2ToByte    stm32f4xx_rtc.o
    0x0800339a   0x0800339a   0x0000001c   Code   RO         1574    i.RTC_ByteToBcd2    stm32f4xx_rtc.o
    0x080033b6   0x080033b6   0x00000002   PAD
    0x080033b8   0x080033b8   0x00000020   Code   RO         1578    i.RTC_ClearITPendingBit  stm32f4xx_rtc.o
    0x080033d8   0x080033d8   0x00000168   Code   RO         3825    i.RTC_Config        rtc.o
    0x08003540   0x08003540   0x00000050   Code   RO         1584    i.RTC_EnterInitMode  stm32f4xx_rtc.o
    0x08003590   0x08003590   0x00000014   Code   RO         1585    i.RTC_ExitInitMode  stm32f4xx_rtc.o
    0x080035a4   0x080035a4   0x0000004c   Code   RO         1588    i.RTC_GetDate       stm32f4xx_rtc.o
    0x080035f0   0x080035f0   0x00000040   Code   RO         1590    i.RTC_GetITStatus   stm32f4xx_rtc.o
    0x08003630   0x08003630   0x00000050   Code   RO         1593    i.RTC_GetTime       stm32f4xx_rtc.o
    0x08003680   0x08003680   0x00000064   Code   RO         1597    i.RTC_ITConfig      stm32f4xx_rtc.o
    0x080036e4   0x080036e4   0x00000064   Code   RO         1598    i.RTC_Init          stm32f4xx_rtc.o
    0x08003748   0x08003748   0x000000c8   Code   RO         1604    i.RTC_SetDate       stm32f4xx_rtc.o
    0x08003810   0x08003810   0x000000d0   Code   RO         1605    i.RTC_SetTime       stm32f4xx_rtc.o
    0x080038e0   0x080038e0   0x0000001c   Code   RO         1606    i.RTC_SetWakeUpCounter  stm32f4xx_rtc.o
    0x080038fc   0x080038fc   0x00000028   Code   RO         3826    i.RTC_WKUP_IRQHandler  rtc.o
    0x08003924   0x08003924   0x00000060   Code   RO         1621    i.RTC_WaitForSynchro  stm32f4xx_rtc.o
    0x08003984   0x08003984   0x00000030   Code   RO         1622    i.RTC_WakeUpClockConfig  stm32f4xx_rtc.o
    0x080039b4   0x080039b4   0x00000078   Code   RO         1623    i.RTC_WakeUpCmd     stm32f4xx_rtc.o
    0x08003a2c   0x08003a2c   0x000000ec   Code   RO         4209    i.SetSysClock       system_stm32f4xx.o
    0x08003b18   0x08003b18   0x0000007c   Code   RO         2632    i.Smog_Config       adc.o
    0x08003b94   0x08003b94   0x00000034   Code   RO         5031    i.SysTick_Handler   port.o
    0x08003bc8   0x08003bc8   0x00000068   Code   RO         4211    i.SystemInit        system_stm32f4xx.o
    0x08003c30   0x08003c30   0x00000018   Code   RO          597    i.TIM_ARRPreloadConfig  stm32f4xx_tim.o
    0x08003c48   0x08003c48   0x00000018   Code   RO          609    i.TIM_Cmd           stm32f4xx_tim.o
    0x08003c60   0x08003c60   0x0000001e   Code   RO          611    i.TIM_CtrlPWMOutputs  stm32f4xx_tim.o
    0x08003c7e   0x08003c7e   0x00000002   PAD
    0x08003c80   0x08003c80   0x0000007c   Code   RO          638    i.TIM_OC1Init       stm32f4xx_tim.o
    0x08003cfc   0x08003cfc   0x00000084   Code   RO          681    i.TIM_TimeBaseInit  stm32f4xx_tim.o
    0x08003d80   0x08003d80   0x000000b0   Code   RO         3948    i.USART1_Config     usart2.o
    0x08003e30   0x08003e30   0x00000028   Code   RO         3949    i.USART1_IRQHandler  usart2.o
    0x08003e58   0x08003e58   0x000000ac   Code   RO         3890    i.USART2_Config     usart.o
    0x08003f04   0x08003f04   0x000001bc   Code   RO         3891    i.USART2_Handle     usart.o
    0x080040c0   0x080040c0   0x00000074   Code   RO         3892    i.USART2_IRQHandler  usart.o
    0x08004134   0x08004134   0x0000002c   Code   RO         3893    i.USART2_SendString  usart.o
    0x08004160   0x08004160   0x000000b0   Code   RO         3950    i.USART3_Config     usart2.o
    0x08004210   0x08004210   0x00000060   Code   RO         3951    i.USART3_IRQHandler  usart2.o
    0x08004270   0x08004270   0x00000012   Code   RO         1217    i.USART_ClearFlag   stm32f4xx_usart.o
    0x08004282   0x08004282   0x0000001e   Code   RO         1218    i.USART_ClearITPendingBit  stm32f4xx_usart.o
    0x080042a0   0x080042a0   0x00000018   Code   RO         1221    i.USART_Cmd         stm32f4xx_usart.o
    0x080042b8   0x080042b8   0x0000001a   Code   RO         1224    i.USART_GetFlagStatus  stm32f4xx_usart.o
    0x080042d2   0x080042d2   0x00000054   Code   RO         1225    i.USART_GetITStatus  stm32f4xx_usart.o
    0x08004326   0x08004326   0x0000004a   Code   RO         1227    i.USART_ITConfig    stm32f4xx_usart.o
    0x08004370   0x08004370   0x000000d4   Code   RO         1228    i.USART_Init        stm32f4xx_usart.o
    0x08004444   0x08004444   0x0000000a   Code   RO         1235    i.USART_ReceiveData  stm32f4xx_usart.o
    0x0800444e   0x0800444e   0x00000008   Code   RO         1238    i.USART_SendData    stm32f4xx_usart.o
    0x08004456   0x08004456   0x00000004   Code   RO         4345    i.UsageFault_Handler  stm32f4xx_it.o
    0x0800445a   0x0800445a   0x0000001e   Code   RO         3954    i.Usart_SendByte    usart2.o
    0x08004478   0x08004478   0x0000003a   Code   RO         3955    i.Usart_SendBytes   usart2.o
    0x080044b2   0x080044b2   0x00000032   Code   RO         3957    i.Usart_SendString  usart2.o
    0x080044e4   0x080044e4   0x0000003c   Code   RO         4048    i.WS2812_Init       ws2812.o
    0x08004520   0x08004520   0x000000d0   Code   RO         4162    i.WeatherHandle     nettime.o
    0x080045f0   0x080045f0   0x00000020   Code   RO         5389    i.__0printf         mc_w.l(printfa.o)
    0x08004610   0x08004610   0x00000028   Code   RO         5391    i.__0sprintf        mc_w.l(printfa.o)
    0x08004638   0x08004638   0x00000030   Code   RO         5489    i.__ARM_fpclassify  m_wm.l(fpclassify.o)
    0x08004668   0x08004668   0x00000008   Code   RO         5534    i.__aeabi_errno_addr  mc_w.l(errno.o)
    0x08004670   0x08004670   0x0000005c   Code   RO         5421    i.__free$realloc    mc_w.l(mallocr.o)
    0x080046cc   0x080046cc   0x00000004   PAD
    0x080046d0   0x080046d0   0x00000c50   Code   RO         5107    i.__hardfp_pow      m_wm.l(pow.o)
    0x08005320   0x08005320   0x000000f8   Code   RO         5491    i.__kernel_poly     m_wm.l(poly.o)
    0x08005418   0x08005418   0x00000050   Code   RO         5422    i.__malloc$realloc  mc_w.l(mallocr.o)
    0x08005468   0x08005468   0x00000030   Code   RO         5469    i.__mathlib_dbl_divzero  m_wm.l(dunder.o)
    0x08005498   0x08005498   0x00000014   Code   RO         5471    i.__mathlib_dbl_infnan2  m_wm.l(dunder.o)
    0x080054ac   0x080054ac   0x00000004   PAD
    0x080054b0   0x080054b0   0x00000020   Code   RO         5472    i.__mathlib_dbl_invalid  m_wm.l(dunder.o)
    0x080054d0   0x080054d0   0x00000020   Code   RO         5473    i.__mathlib_dbl_overflow  m_wm.l(dunder.o)
    0x080054f0   0x080054f0   0x00000020   Code   RO         5475    i.__mathlib_dbl_underflow  m_wm.l(dunder.o)
    0x08005510   0x08005510   0x0000000e   Code   RO         5617    i.__scatterload_copy  mc_w.l(handlers.o)
    0x0800551e   0x0800551e   0x00000002   Code   RO         5618    i.__scatterload_null  mc_w.l(handlers.o)
    0x08005520   0x08005520   0x0000000e   Code   RO         5619    i.__scatterload_zeroinit  mc_w.l(handlers.o)
    0x0800552e   0x0800552e   0x00000002   PAD
    0x08005530   0x08005530   0x0000000c   Code   RO         5536    i.__set_errno       mc_w.l(errno.o)
    0x0800553c   0x0800553c   0x00000184   Code   RO         5396    i._fp_digits        mc_w.l(printfa.o)
    0x080056c0   0x080056c0   0x0000000e   Code   RO         5549    i._is_digit         mc_w.l(scanf_fp.o)
    0x080056ce   0x080056ce   0x00000002   PAD
    0x080056d0   0x080056d0   0x000006dc   Code   RO         5397    i._printf_core      mc_w.l(printfa.o)
    0x08005dac   0x08005dac   0x00000024   Code   RO         5398    i._printf_post_padding  mc_w.l(printfa.o)
    0x08005dd0   0x08005dd0   0x0000002e   Code   RO         5399    i._printf_pre_padding  mc_w.l(printfa.o)
    0x08005dfe   0x08005dfe   0x0000000a   Code   RO         5401    i._sputc            mc_w.l(printfa.o)
    0x08005e08   0x08005e08   0x0000003a   Code   RO         2707    i.buffer_skip_whitespace  cjson.o
    0x08005e42   0x08005e42   0x00000002   PAD
    0x08005e44   0x08005e44   0x00000058   Code   RO         2727    i.cJSON_Delete      cjson.o
    0x08005e9c   0x08005e9c   0x00000018   Code   RO         2736    i.cJSON_GetArrayItem  cjson.o
    0x08005eb4   0x08005eb4   0x00000010   Code   RO         2738    i.cJSON_GetErrorPtr  cjson.o
    0x08005ec4   0x08005ec4   0x00000012   Code   RO         2739    i.cJSON_GetObjectItem  cjson.o
    0x08005ed6   0x08005ed6   0x0000001c   Code   RO         2755    i.cJSON_New_Item    cjson.o
    0x08005ef2   0x08005ef2   0x00000010   Code   RO         2756    i.cJSON_Parse       cjson.o
    0x08005f02   0x08005f02   0x00000002   PAD
    0x08005f04   0x08005f04   0x000000d0   Code   RO         2757    i.cJSON_ParseWithOpts  cjson.o
    0x08005fd4   0x08005fd4   0x00000014   Code   RO         2758    i.cJSON_Print       cjson.o
    0x08005fe8   0x08005fe8   0x00000118   Code   RO         4163    i.calculating_time  nettime.o
    0x08006100   0x08006100   0x00000048   Code   RO         2771    i.case_insensitive_strcmp  cjson.o
    0x08006148   0x08006148   0x0000003c   Code   RO         3246    i.delay_ms          delay.o
    0x08006184   0x08006184   0x00000036   Code   RO         3247    i.delay_us          delay.o
    0x080061ba   0x080061ba   0x000000ba   Code   RO         2773    i.ensure            cjson.o
    0x08006274   0x08006274   0x0000002c   Code   RO         3276    i.esp8266_check     esp8266.o
    0x080062a0   0x080062a0   0x0000004c   Code   RO         3277    i.esp8266_check_connection_status  esp8266.o
    0x080062ec   0x080062ec   0x000000d0   Code   RO         3279    i.esp8266_connect_ap  esp8266.o
    0x080063bc   0x080063bc   0x000000b0   Code   RO         3280    i.esp8266_connect_server  esp8266.o
    0x0800646c   0x0800646c   0x00000034   Code   RO         3282    i.esp8266_disconnect_server  esp8266.o
    0x080064a0   0x080064a0   0x00000040   Code   RO         3283    i.esp8266_enable_echo  esp8266.o
    0x080064e0   0x080064e0   0x00000084   Code   RO         3285    i.esp8266_entry_transparent_transmission  esp8266.o
    0x08006564   0x08006564   0x00000020   Code   RO         3286    i.esp8266_exit_transparent_transmission  esp8266.o
    0x08006584   0x08006584   0x00000038   Code   RO         3287    i.esp8266_find_str_in_rx_packet  esp8266.o
    0x080065bc   0x080065bc   0x00000030   Code   RO         3289    i.esp8266_reset     esp8266.o
    0x080065ec   0x080065ec   0x0000002c   Code   RO         3290    i.esp8266_send_at   esp8266.o
    0x08006618   0x08006618   0x00000018   Code   RO         3291    i.esp8266_send_bytes  esp8266.o
    0x08006630   0x08006630   0x00000014   Code   RO         3292    i.esp8266_send_str  esp8266.o
    0x08006644   0x08006644   0x00000018   Code   RO         5485    i.fabs              m_wm.l(fabs.o)
    0x0800665c   0x0800665c   0x00000024   Code   RO         3959    i.fputc             usart2.o
    0x08006680   0x08006680   0x0000001e   Code   RO         2774    i.get_array_item    cjson.o
    0x0800669e   0x0800669e   0x0000000e   Code   RO         2775    i.get_decimal_point  cjson.o
    0x080066ac   0x080066ac   0x00000044   Code   RO         2776    i.get_object_item   cjson.o
    0x080066f0   0x080066f0   0x00000050   Code   RO         5423    i.internal_alloc    mc_w.l(mallocr.o)
    0x08006740   0x08006740   0x000000f4   Code   RO         4246    i.main              main.o
    0x08006834   0x08006834   0x00000130   Code   RO         3594    i.mqtt_cjson_parse  mqtt.o
    0x08006964   0x08006964   0x0000036c   Code   RO         3595    i.mqtt_connect      mqtt.o
    0x08006cd0   0x08006cd0   0x00000058   Code   RO         3597    i.mqtt_msg_handle   mqtt.o
    0x08006d28   0x08006d28   0x00000114   Code   RO         3598    i.mqtt_publish_data  mqtt.o
    0x08006e3c   0x08006e3c   0x0000008c   Code   RO         3599    i.mqtt_report_devices_status  mqtt.o
    0x08006ec8   0x08006ec8   0x00000084   Code   RO         3600    i.mqtt_report_devices_status2  mqtt.o
    0x08006f4c   0x08006f4c   0x00000084   Code   RO         3601    i.mqtt_report_devices_status3  mqtt.o
    0x08006fd0   0x08006fd0   0x00000010   Code   RO         3602    i.mqtt_send_bytes   mqtt.o
    0x08006fe0   0x08006fe0   0x000000b8   Code   RO         3603    i.mqtt_send_heart   mqtt.o
    0x08007098   0x08007098   0x00000224   Code   RO         3604    i.mqtt_subscribe_topic  mqtt.o
    0x080072bc   0x080072bc   0x000000f4   Code   RO         2777    i.parse_array       cjson.o
    0x080073b0   0x080073b0   0x0000005a   Code   RO         2778    i.parse_hex4        cjson.o
    0x0800740a   0x0800740a   0x00000002   PAD
    0x0800740c   0x0800740c   0x00000154   Code   RO         2779    i.parse_number      cjson.o
    0x08007560   0x08007560   0x0000013a   Code   RO         2780    i.parse_object      cjson.o
    0x0800769a   0x0800769a   0x0000018c   Code   RO         2781    i.parse_string      cjson.o
    0x08007826   0x08007826   0x00000002   PAD
    0x08007828   0x08007828   0x0000013c   Code   RO         2782    i.parse_value       cjson.o
    0x08007964   0x08007964   0x000000ae   Code   RO         2783    i.print             cjson.o
    0x08007a12   0x08007a12   0x000000b2   Code   RO         2784    i.print_array       cjson.o
    0x08007ac4   0x08007ac4   0x0000010c   Code   RO         2785    i.print_number      cjson.o
    0x08007bd0   0x08007bd0   0x00000174   Code   RO         2786    i.print_object      cjson.o
    0x08007d44   0x08007d44   0x00000010   Code   RO         2787    i.print_string      cjson.o
    0x08007d54   0x08007d54   0x00000174   Code   RO         2788    i.print_string_ptr  cjson.o
    0x08007ec8   0x08007ec8   0x00000110   Code   RO         2789    i.print_value       cjson.o
    0x08007fd8   0x08007fd8   0x00000098   Code   RO         4439    i.prvAddCurrentTaskToDelayedList  tasks.o
    0x08008070   0x08008070   0x000000b8   Code   RO         4440    i.prvAddNewTaskToReadyList  tasks.o
    0x08008128   0x08008128   0x00000064   Code   RO         4441    i.prvCheckTasksWaitingTermination  tasks.o
    0x0800818c   0x0800818c   0x0000002a   Code   RO         4782    i.prvCopyDataFromQueue  queue.o
    0x080081b6   0x080081b6   0x0000007c   Code   RO         4783    i.prvCopyDataToQueue  queue.o
    0x08008232   0x08008232   0x00000012   Code   RO         4442    i.prvDeleteTCB      tasks.o
    0x08008244   0x08008244   0x0000007c   Code   RO         4969    i.prvHeapInit       heap_4.o
    0x080082c0   0x080082c0   0x00000028   Code   RO         4443    i.prvIdleTask       tasks.o
    0x080082e8   0x080082e8   0x0000001c   Code   RO         4784    i.prvInitialiseMutex  queue.o
    0x08008304   0x08008304   0x0000002a   Code   RO         4785    i.prvInitialiseNewQueue  queue.o
    0x0800832e   0x0800832e   0x000000b4   Code   RO         4444    i.prvInitialiseNewTask  tasks.o
    0x080083e2   0x080083e2   0x00000002   PAD
    0x080083e4   0x080083e4   0x00000068   Code   RO         4445    i.prvInitialiseTaskLists  tasks.o
    0x0800844c   0x0800844c   0x00000068   Code   RO         4970    i.prvInsertBlockIntoFreeList  heap_4.o
    0x080084b4   0x080084b4   0x0000001a   Code   RO         4786    i.prvIsQueueEmpty   queue.o
    0x080084ce   0x080084ce   0x0000001e   Code   RO         4787    i.prvIsQueueFull    queue.o
    0x080084ec   0x080084ec   0x00000034   Code   RO         4447    i.prvResetNextTaskUnblockTime  tasks.o
    0x08008520   0x08008520   0x00000040   Code   RO         5032    i.prvTaskExitError  port.o
    0x08008560   0x08008560   0x0000007e   Code   RO         4788    i.prvUnlockQueue    queue.o
    0x080085de   0x080085de   0x00000002   PAD
    0x080085e0   0x080085e0   0x0000013c   Code   RO         4971    i.pvPortMalloc      heap_4.o
    0x0800871c   0x0800871c   0x00000020   Code   RO         4450    i.pvTaskIncrementMutexHeldCount  tasks.o
    0x0800873c   0x0800873c   0x0000002c   Code   RO         5033    i.pxPortInitialiseStack  port.o
    0x08008768   0x08008768   0x0000006c   Code   RO         5424    i.realloc           mc_w.l(mallocr.o)
    0x080087d4   0x080087d4   0x0000006e   Code   RO         5496    i.sqrt              m_wm.l(sqrt.o)
    0x08008842   0x08008842   0x00000006   PAD
    0x08008848   0x08008848   0x00000030   Code   RO         5123    i.strtod            m_wm.l(strtod.o)
    0x08008878   0x08008878   0x000003e8   Code   RO         4247    i.task1_func        main.o
    0x08008c60   0x08008c60   0x0000004c   Code   RO         4248    i.task2_func        main.o
    0x08008cac   0x08008cac   0x00000058   Code   RO         4249    i.task3_func        main.o
    0x08008d04   0x08008d04   0x00000024   Code   RO         2792    i.update_offset     cjson.o
    0x08008d28   0x08008d28   0x0000012c   Code   RO         2793    i.utf16_literal_to_utf8  cjson.o
    0x08008e54   0x08008e54   0x00000028   Code   RO         4391    i.uxListRemove      list.o
    0x08008e7c   0x08008e7c   0x0000001a   Code   RO         4392    i.vListInitialise   list.o
    0x08008e96   0x08008e96   0x00000006   Code   RO         4393    i.vListInitialiseItem  list.o
    0x08008e9c   0x08008e9c   0x00000034   Code   RO         4394    i.vListInsert       list.o
    0x08008ed0   0x08008ed0   0x00000018   Code   RO         4395    i.vListInsertEnd    list.o
    0x08008ee8   0x08008ee8   0x00000054   Code   RO         5035    i.vPortEnterCritical  port.o
    0x08008f3c   0x08008f3c   0x0000003c   Code   RO         5036    i.vPortExitCritical  port.o
    0x08008f78   0x08008f78   0x00000094   Code   RO         4972    i.vPortFree         heap_4.o
    0x0800900c   0x0800900c   0x00000020   Code   RO         5037    i.vPortSetupTimerInterrupt  port.o
    0x0800902c   0x0800902c   0x0000005c   Code   RO         4458    i.vTaskDelay        tasks.o
    0x08009088   0x08009088   0x0000000c   Code   RO         4463    i.vTaskMissedYield  tasks.o
    0x08009094   0x08009094   0x00000038   Code   RO         4465    i.vTaskPlaceOnEventList  tasks.o
    0x080090cc   0x080090cc   0x000000b0   Code   RO         4467    i.vTaskPriorityInherit  tasks.o
    0x0800917c   0x0800917c   0x00000030   Code   RO         4471    i.vTaskSetTimeOutState  tasks.o
    0x080091ac   0x080091ac   0x00000088   Code   RO         4472    i.vTaskStartScheduler  tasks.o
    0x08009234   0x08009234   0x00000010   Code   RO         4474    i.vTaskSuspendAll   tasks.o
    0x08009244   0x08009244   0x0000008c   Code   RO         4475    i.vTaskSwitchContext  tasks.o
    0x080092d0   0x080092d0   0x0000013c   Code   RO         5039    i.xPortStartScheduler  port.o
    0x0800940c   0x0800940c   0x00000022   Code   RO         4799    i.xQueueCreateMutex  queue.o
    0x0800942e   0x0800942e   0x00000058   Code   RO         4800    i.xQueueGenericCreate  queue.o
    0x08009486   0x08009486   0x00000002   PAD
    0x08009488   0x08009488   0x0000019c   Code   RO         4801    i.xQueueGenericReceive  queue.o
    0x08009624   0x08009624   0x00000098   Code   RO         4802    i.xQueueGenericReset  queue.o
    0x080096bc   0x080096bc   0x00000180   Code   RO         4803    i.xQueueGenericSend  queue.o
    0x0800983c   0x0800983c   0x0000008c   Code   RO         4476    i.xTaskCheckForTimeOut  tasks.o
    0x080098c8   0x080098c8   0x00000060   Code   RO         4477    i.xTaskCreate       tasks.o
    0x08009928   0x08009928   0x00000148   Code   RO         4483    i.xTaskIncrementTick  tasks.o
    0x08009a70   0x08009a70   0x000000c8   Code   RO         4486    i.xTaskPriorityDisinherit  tasks.o
    0x08009b38   0x08009b38   0x00000098   Code   RO         4487    i.xTaskRemoveFromEventList  tasks.o
    0x08009bd0   0x08009bd0   0x00000104   Code   RO         4489    i.xTaskResumeAll    tasks.o
    0x08009cd4   0x08009cd4   0x00000738   Data   RO         3724    .constdata          oled.o
    0x0800a40c   0x0800a40c   0x00000004   PAD
    0x0800a410   0x0800a410   0x00000088   Data   RO         5110    .constdata          m_wm.l(pow.o)
    0x0800a498   0x0800a498   0x00000008   Data   RO         5493    .constdata          m_wm.l(qnan.o)
    0x0800a4a0   0x0800a4a0   0x00000038   Data   RO         5530    .constdata          mc_w.l(ilconv.o)
    0x0800a4d8   0x0800a4d8   0x00000081   Data   RO         5575    .constdata          mc_w.l(ctype_o.o)
    0x0800a559   0x0800a559   0x00000003   PAD
    0x0800a55c   0x0800a55c   0x00000004   Data   RO         5576    .constdata          mc_w.l(ctype_o.o)
    0x0800a560   0x0800a560   0x0000024a   Data   RO         3607    .conststring        mqtt.o
    0x0800a7aa   0x0800a7aa   0x00000002   PAD
    0x0800a7ac   0x0800a7ac   0x000000d5   Data   RO         4164    .conststring        nettime.o
    0x0800a881   0x0800a881   0x00000003   PAD
    0x0800a884   0x0800a884   0x00000005   Data   RO         5531    .conststring        mc_w.l(ilconv.o)
    0x0800a889   0x0800a889   0x00000003   PAD
    0x0800a88c   0x0800a88c   0x00000020   Data   RO         5615    Region$$Table       anon$$obj.o


    Execution Region RW_IRAM1 (Exec base: 0x20000000, Load base: 0x0800a8ac, Size: 0x00014638, Max: 0x00020000, ABSOLUTE, COMPRESSED[0x000001cc])

    Exec Addr    Load Addr    Size         Type   Attr      Idx    E Section Name        Object

    0x20000000   COMPRESSED   0x00000010   Data   RW          214    .data               stm32f4xx_rcc.o
    0x20000010   COMPRESSED   0x00000005   Data   RW         2633    .data               adc.o
    0x20000015   COMPRESSED   0x00000003   PAD
    0x20000018   COMPRESSED   0x00000014   Data   RW         2795    .data               cjson.o
    0x2000002c   COMPRESSED   0x00000004   Data   RW         3294    .data               esp8266.o
    0x20000030   COMPRESSED   0x00000008   Data   RW         3543    .data               motor.o
    0x20000038   COMPRESSED   0x00000004   Data   RW         3608    .data               mqtt.o
    0x2000003c   COMPRESSED   0x0000000c   Data   RW         3828    .data               rtc.o
    0x20000048   COMPRESSED   0x00000005   Data   RW         3895    .data               usart.o
    0x2000004d   COMPRESSED   0x00000003   PAD
    0x20000050   COMPRESSED   0x00000014   Data   RW         3961    .data               usart2.o
    0x20000064   COMPRESSED   0x00000006   Data   RW         4165    .data               nettime.o
    0x2000006a   COMPRESSED   0x00000002   PAD
    0x2000006c   COMPRESSED   0x00000014   Data   RW         4212    .data               system_stm32f4xx.o
    0x20000080   COMPRESSED   0x00000450   Data   RW         4250    .data               main.o
    0x200004d0   COMPRESSED   0x0000003c   Data   RW         4492    .data               tasks.o
    0x2000050c   COMPRESSED   0x00000018   Data   RW         4977    .data               heap_4.o
    0x20000524   COMPRESSED   0x0000000c   Data   RW         5040    .data               port.o
    0x20000530   COMPRESSED   0x00000004   Data   RW         5532    .data               mc_w.l(mvars.o)
    0x20000534   COMPRESSED   0x00000004   Data   RW         5533    .data               mc_w.l(mvars.o)
    0x20000538   COMPRESSED   0x00000004   Data   RW         5537    .data               mc_w.l(errno.o)
    0x2000053c        -       0x00000020   Zero   RW         3542    .bss                motor.o
    0x2000055c        -       0x0000020e   Zero   RW         3605    .bss                mqtt.o
    0x2000076a        -       0x00000100   Zero   RW         3894    .bss                usart.o
    0x2000086a        -       0x00000500   Zero   RW         3960    .bss                usart2.o
    0x20000d6a   COMPRESSED   0x00000002   PAD
    0x20000d6c        -       0x000000c8   Zero   RW         4491    .bss                tasks.o
    0x20000e34        -       0x00012c00   Zero   RW         4976    .bss                heap_4.o
    0x20013a34   COMPRESSED   0x00000004   PAD
    0x20013a38        -       0x00000800   Zero   RW            2    HEAP                startup_stm32f40_41xxx.o
    0x20014238        -       0x00000400   Zero   RW            1    STACK               startup_stm32f40_41xxx.o


==============================================================================

Image component sizes


      Code (inc. data)   RO Data    RW Data    ZI Data      Debug   Object Name

       846         60          0          5          0       7302   adc.o
      4534        154          0         20          0      30932   cjson.o
       114          0          0          0          0       1106   delay.o
      1588        652          0          4          0      10331   esp8266.o
       692         62          0         24      76800       7235   heap_4.o
       496         34          0          0          0       4034   i2c.o
       188         14          0          0          0       1726   led.o
       148          0          0          0          0       3706   list.o
      1408        346          0       1104          0      18452   main.o
       120         14          0          0          0     314360   misc.o
       652         38          0          8         32       3406   motor.o
      3444       1364        586          4        526      13044   mqtt.o
      1864       1028        213          6          0       7591   nettime.o
       814         14       1848          0          0      10528   oled.o
       834         78          0         12          0      10868   port.o
      1488         16          0          0          0      12314   queue.o
       400         16          0         12          0       2457   rtc.o
        36          8        392          0       3072        904   startup_stm32f40_41xxx.o
       374         24          0          0          0       6098   stm32f4xx_adc.o
       160         12          0          0          0       1785   stm32f4xx_exti.o
       240          0          0          0          0       3967   stm32f4xx_gpio.o
        20          0          0          0          0       2985   stm32f4xx_it.o
        12          6          0          0          0        586   stm32f4xx_pwr.o
       508         60          0         16          0       7602   stm32f4xx_rcc.o
      1302         88          0          0          0      12091   stm32f4xx_rtc.o
       334         38          0          0          0       4127   stm32f4xx_tim.o
       486          8          0          0          0       7369   stm32f4xx_usart.o
       340         32          0         20          0       2121   system_stm32f4xx.o
      2714        348          0         60        200      29894   tasks.o
       776        122          0          5        256       4509   usart.o
       662         50          0         20       1280       7819   usart2.o
        60          6          0          0          0        578   ws2812.o

    ----------------------------------------------------------------------
     27686       4692       3080       1328      82172     551827   Object Totals
         0          0         32          0          0          0   (incl. Generated)
        32          0          9          8          6          0   (incl. Padding)

    ----------------------------------------------------------------------

      Code (inc. data)   RO Data    RW Data    ZI Data      Debug   Library Member Name

       164         44          0          0          0        620   dunder.o
        24          0          0          0          0        124   fabs.o
        48          0          0          0          0        124   fpclassify.o
       248          0          0          0          0        152   poly.o
      3152        296        136          0          0        352   pow.o
         0          0          8          0          0          0   qnan.o
       110          0          0          0          0        148   sqrt.o
        48         14          0          0          0        128   strtod.o
        86          0          0          0          0          0   __dczerorl2.o
        28          0          0          0          0         68   _chval.o
       812          4          0          0          0        112   _scanf.o
       332          0          0          0          0         96   _scanf_int.o
       342          0          0          0          0        100   _scanf_longlong.o
       224          0          0          0          0         96   _scanf_str.o
        64          0          0          0          0         84   _sgetc.o
       158          0          0          0          0         92   _strtoul.o
        26          0          0          0          0         80   atoi.o
         8          4        133          0          0         68   ctype_o.o
         0          0          0          0          0          0   entry.o
         0          0          0          0          0          0   entry10a.o
         0          0          0          0          0          0   entry11a.o
         8          4          0          0          0          0   entry2.o
         4          0          0          0          0          0   entry5.o
         0          0          0          0          0          0   entry7b.o
         0          0          0          0          0          0   entry8b.o
         8          4          0          0          0          0   entry9a.o
        20         10          0          4          0        136   errno.o
        30          0          0          0          0          0   handlers.o
         0          0         61          0          0          0   ilconv.o
        36          8          0          0          0         68   init.o
        18          0          0          0          0         76   isspace_o.o
         0          0          0          0          0          0   iusefp.o
        30          0          0          0          0         68   llshl.o
        36          0          0          0          0         68   llsshr.o
        32          0          0          0          0         68   llushr.o
         8          4          0          0          0         68   localeconv.o
       360         30          0          0          0        356   mallocr.o
        40          0          0          0          0         76   memcpy.o
        36          0          0          0          0        108   memseta.o
         0          0          0          8          0          0   mvars.o
      2308         96          0          0          0        604   printfa.o
        40          8          0          0          0         84   scanf_char.o
       878         12          0          0          0        216   scanf_fp.o
        56          8          0          0          0         84   sscanf.o
        28          0          0          0          0         76   strcmp.o
        18          0          0          0          0         68   strcpy.o
        14          0          0          0          0         68   strlen.o
        30          0          0          0          0         80   strncmp.o
        36          0          0          0          0         80   strstr.o
       156         12          0          0          0        120   strtod.o
       112          0          0          0          0         88   strtol.o
        12          0          0          0          0         68   tolower.o
        44          0          0          0          0         80   uidiv.o
        98          0          0          0          0         92   uldiv.o
        48          0          0          0          0         68   cdcmple.o
        48          0          0          0          0         68   cdrcmple.o
        56          0          0          0          0         88   d2f.o
       334          0          0          0          0        148   dadd.o
       222          0          0          0          0        100   ddiv.o
       186          0          0          0          0        176   depilogue.o
        62          0          0          0          0         80   dfixi.o
        48          0          0          0          0         68   dfixul.o
        34          0          0          0          0         76   dflti.o
        26          0          0          0          0         76   dfltui.o
        24          0          0          0          0         76   dfltul.o
       228          0          0          0          0         96   dmul.o
        46          0          0          0          0         80   dscalb.o
       162          0          0          0          0        100   dsqrt.o
        38          0          0          0          0         68   f2d.o
       110          0          0          0          0        168   fepilogue.o

    ----------------------------------------------------------------------
     12070        562        344         12          0       6880   Library Totals
        28          4          6          0          0          0   (incl. Padding)

    ----------------------------------------------------------------------

      Code (inc. data)   RO Data    RW Data    ZI Data      Debug   Library Name

      3794        354        144          0          0       1648   m_wm.l
      6576        204        194         12          0       3696   mc_w.l
      1672          0          0          0          0       1536   mf_w.l

    ----------------------------------------------------------------------
     12070        562        344         12          0       6880   Library Totals

    ----------------------------------------------------------------------

==============================================================================


      Code (inc. data)   RO Data    RW Data    ZI Data      Debug   

     39756       5254       3424       1340      82172     532479   Grand Totals
     39756       5254       3424        460      82172     532479   ELF Image Totals (compressed)
     39756       5254       3424        460          0          0   ROM Totals

==============================================================================

    Total RO  Size (Code + RO Data)                43180 (  42.17kB)
    Total RW  Size (RW Data + ZI Data)             83512 (  81.55kB)
    Total ROM Size (Code + RO Data + RW Data)      43640 (  42.62kB)

==============================================================================

