<html>
<body>
<pre>
<h1>礦ision Build Log</h1>
<h2>Tool Versions:</h2>
IDE-Version: μVision V5.26.2.0
Copyright (C) 2018 ARM Ltd and ARM Germany GmbH. All rights reserved.
License Information: a 2407394552@qq.com, a, LIC=BUURY-IFFJ1-WF3I7-EH0EJ-B4KU9-14SG9
 
Tool Versions:
Toolchain:       MDK-ARM Plus  Version: 5.26.2.0
Toolchain Path:  D:\Keil_v5\Keil_MDK\ARM\ARMCC\Bin
C Compiler:      Armcc.exe V5.06 update 6 (build 750)
Assembler:       Armasm.exe V5.06 update 6 (build 750)
Linker/Locator:  ArmLink.exe V5.06 update 6 (build 750)
Library Manager: ArmAr.exe V5.06 update 6 (build 750)
Hex Converter:   FromElf.exe V5.06 update 6 (build 750)
CPU DLL:         SARMCM3.DLL V5.26.2.0
Dialog DLL:      DCM.DLL V1.17.2.0
Target DLL:      Segger\JL2CM3.dll V2.99.31.0
Dialog DLL:      TCM.DLL V1.36.1.0
 
<h2>Project:</h2>
C:\Users\24073\Desktop\STM32F4系列工程模板\29 基于STM32F4系列的FreeRTOS工程模板\USER\pro.uvprojx
Project File Date:  03/13/2024

<h2>Output:</h2>
*** Using Compiler 'V5.06 update 6 (build 750)', folder: 'D:\Keil_v5\Keil_MDK\ARM\ARMCC\Bin'
Build target 'project'
compiling list.c...
compiling heap_4.c...
compiling queue.c...
compiling port.c...
compiling tasks.c...
compiling main.c...
..\HARDWARE\led.h(7): warning:  #1-D: last line of file ends without a newline
  #endif
..\HARDWARE\I2C.h(24): warning:  #1-D: last line of file ends without a newline
  #endif
..\HARDWARE\adc.h(23): warning:  #1-D: last line of file ends without a newline
  #endif
..\HARDWARE\oled.h(23): warning:  #1-D: last line of file ends without a newline
  #endif
..\HARDWARE\motor.h(22): warning:  #1-D: last line of file ends without a newline
  #endif
..\HARDWARE\rtc.h(17): warning:  #1-D: last line of file ends without a newline
  #endif
..\HARDWARE\usart.h(28): warning:  #1-D: last line of file ends without a newline
  #endif
..\HARDWARE\rtc.h(17): warning:  #1-D: last line of file ends without a newline
  #endif
..\HARDWARE\bmp.h(44): warning:  #1-D: last line of file ends without a newline
  #endif
..\HARDWARE\nettime.h(38): warning:  #1-D: last line of file ends without a newline
  #endif
main.c(210): warning:  #550-D: variable "xReturned"  was set but never used
    BaseType_t xReturned; //存储函数返回值
main.c: 11 warnings, 0 errors
linking...
Program Size: Code=39756 RO-data=3424 RW-data=1340 ZI-data=82172  
FromELF: creating hex file...
"..\OBJ\pro.axf" - 0 Error(s), 11 Warning(s).

<h2>Software Packages used:</h2>

Package Vendor: Keil
                http://www.keil.com/pack/Keil.STM32F4xx_DFP.2.15.0.pack
                Keil.STM32F4xx_DFP.2.15.0
                STMicroelectronics STM32F4 Series Device Support, Drivers and Examples

<h2>Collection of Component include folders:</h2>
  .\RTE\_project
  D:\Keil_v5\Keil_MDK\ARM\PACK\Keil\STM32F4xx_DFP\2.15.0\Drivers\CMSIS\Device\ST\STM32F4xx\Include

<h2>Collection of Component Files used:</h2>
Build Time Elapsed:  00:00:02
</pre>
</body>
</html>
